Component: ARM Compiler 5.06 update 7 (build 960) Tool: armlink [4d3601]

==============================================================================

Section Cross References

    startup_stm32f103xe.o(STACK) refers (Special) to heapauxi.o(.text) for __use_two_region_memory
    startup_stm32f103xe.o(HEAP) refers (Special) to heapauxi.o(.text) for __use_two_region_memory
    startup_stm32f103xe.o(RESET) refers (Special) to heapauxi.o(.text) for __use_two_region_memory
    startup_stm32f103xe.o(RESET) refers to startup_stm32f103xe.o(STACK) for __initial_sp
    startup_stm32f103xe.o(RESET) refers to startup_stm32f103xe.o(.text) for Reset_Handler
    startup_stm32f103xe.o(RESET) refers to stm32f1xx_it.o(i.NMI_Handler) for NMI_Handler
    startup_stm32f103xe.o(RESET) refers to stm32f1xx_it.o(i.HardFault_Handler) for HardFault_Handler
    startup_stm32f103xe.o(RESET) refers to stm32f1xx_it.o(i.MemManage_Handler) for MemManage_Handler
    startup_stm32f103xe.o(RESET) refers to stm32f1xx_it.o(i.BusFault_Handler) for BusFault_Handler
    startup_stm32f103xe.o(RESET) refers to stm32f1xx_it.o(i.UsageFault_Handler) for UsageFault_Handler
    startup_stm32f103xe.o(RESET) refers to stm32f1xx_it.o(i.SVC_Handler) for SVC_Handler
    startup_stm32f103xe.o(RESET) refers to stm32f1xx_it.o(i.DebugMon_Handler) for DebugMon_Handler
    startup_stm32f103xe.o(RESET) refers to stm32f1xx_it.o(i.PendSV_Handler) for PendSV_Handler
    startup_stm32f103xe.o(RESET) refers to stm32f1xx_it.o(i.SysTick_Handler) for SysTick_Handler
    startup_stm32f103xe.o(RESET) refers to stm32f1xx_it.o(i.TIM3_IRQHandler) for TIM3_IRQHandler
    startup_stm32f103xe.o(RESET) refers to stm32f1xx_it.o(i.TIM8_BRK_IRQHandler) for TIM8_BRK_IRQHandler
    startup_stm32f103xe.o(RESET) refers to stm32f1xx_it.o(i.TIM8_UP_IRQHandler) for TIM8_UP_IRQHandler
    startup_stm32f103xe.o(RESET) refers to stm32f1xx_it.o(i.TIM8_TRG_COM_IRQHandler) for TIM8_TRG_COM_IRQHandler
    startup_stm32f103xe.o(RESET) refers to stm32f1xx_it.o(i.TIM8_CC_IRQHandler) for TIM8_CC_IRQHandler
    startup_stm32f103xe.o(RESET) refers to stm32f1xx_it.o(i.UART4_IRQHandler) for UART4_IRQHandler
    startup_stm32f103xe.o(RESET) refers to stm32f1xx_it.o(i.TIM6_IRQHandler) for TIM6_IRQHandler
    startup_stm32f103xe.o(.text) refers (Special) to heapauxi.o(.text) for __use_two_region_memory
    startup_stm32f103xe.o(.text) refers to system_stm32f1xx.o(i.SystemInit) for SystemInit
    startup_stm32f103xe.o(.text) refers to __main.o(!!!main) for __main
    startup_stm32f103xe.o(.text) refers to startup_stm32f103xe.o(HEAP) for Heap_Mem
    startup_stm32f103xe.o(.text) refers to startup_stm32f103xe.o(STACK) for Stack_Mem
    motor.o(i.Chassis_B_Leftward) refers to dflt_clz.o(x$fpl$dflt) for __aeabi_i2d
    motor.o(i.Chassis_B_Leftward) refers to dmul.o(x$fpl$dmul) for __aeabi_dmul
    motor.o(i.Chassis_B_Leftward) refers to d2f.o(x$fpl$d2f) for __aeabi_d2f
    motor.o(i.Chassis_B_Leftward) refers to motor.o(i.Speed_tran_Pwm) for Speed_tran_Pwm
    motor.o(i.Chassis_B_Leftward) refers to ffix.o(x$fpl$ffix) for __aeabi_f2iz
    motor.o(i.Chassis_B_Leftward) refers to motor.o(i.chassis_motor1_speed) for chassis_motor1_speed
    motor.o(i.Chassis_B_Leftward) refers to motor.o(i.chassis_motor2_speed) for chassis_motor2_speed
    motor.o(i.Chassis_B_Leftward) refers to motor.o(i.chassis_motor3_speed) for chassis_motor3_speed
    motor.o(i.Chassis_B_Leftward) refers to motor.o(i.chassis_motor4_speed) for chassis_motor4_speed
    motor.o(i.Chassis_B_Leftward) refers to pid.o(i.pid_calc) for pid_calc
    motor.o(i.Chassis_B_Leftward) refers to motor.o(.data) for .data
    motor.o(i.Chassis_B_Leftward) refers to motor.o(.bss) for .bss
    motor.o(i.Chassis_B_Rightward) refers to dflt_clz.o(x$fpl$dflt) for __aeabi_i2d
    motor.o(i.Chassis_B_Rightward) refers to dmul.o(x$fpl$dmul) for __aeabi_dmul
    motor.o(i.Chassis_B_Rightward) refers to d2f.o(x$fpl$d2f) for __aeabi_d2f
    motor.o(i.Chassis_B_Rightward) refers to motor.o(i.Speed_tran_Pwm) for Speed_tran_Pwm
    motor.o(i.Chassis_B_Rightward) refers to ffix.o(x$fpl$ffix) for __aeabi_f2iz
    motor.o(i.Chassis_B_Rightward) refers to motor.o(i.chassis_motor1_speed) for chassis_motor1_speed
    motor.o(i.Chassis_B_Rightward) refers to motor.o(i.chassis_motor2_speed) for chassis_motor2_speed
    motor.o(i.Chassis_B_Rightward) refers to motor.o(i.chassis_motor3_speed) for chassis_motor3_speed
    motor.o(i.Chassis_B_Rightward) refers to motor.o(i.chassis_motor4_speed) for chassis_motor4_speed
    motor.o(i.Chassis_B_Rightward) refers to pid.o(i.pid_calc) for pid_calc
    motor.o(i.Chassis_B_Rightward) refers to motor.o(.data) for .data
    motor.o(i.Chassis_B_Rightward) refers to motor.o(.bss) for .bss
    motor.o(i.Chassis_Backward) refers to dflt_clz.o(x$fpl$dflt) for __aeabi_i2d
    motor.o(i.Chassis_Backward) refers to dmul.o(x$fpl$dmul) for __aeabi_dmul
    motor.o(i.Chassis_Backward) refers to d2f.o(x$fpl$d2f) for __aeabi_d2f
[...]
    ../fplib/fcmpi.s                         0x00000000   Number         0  fcmpi.o ABSOLUTE
    ../fplib/ffix.s                          0x00000000   Number         0  ffix.o ABSOLUTE
    ../fplib/fflt.s                          0x00000000   Number         0  fflt_clz.o ABSOLUTE
    ../fplib/fleqf.s                         0x00000000   Number         0  fleqf.o ABSOLUTE
    ../fplib/fmul.s                          0x00000000   Number         0  fmul.o ABSOLUTE
    ../fplib/fnaninf.s                       0x00000000   Number         0  fnaninf.o ABSOLUTE
    ../fplib/fpinit.s                        0x00000000   Number         0  fpinit.o ABSOLUTE
    ../fplib/fretinf.s                       0x00000000   Number         0  fretinf.o ABSOLUTE
    ../fplib/frleqf.s                        0x00000000   Number         0  frleqf.o ABSOLUTE
    ../fplib/istatus.s                       0x00000000   Number         0  istatus.o ABSOLUTE
    ../fplib/printf1.s                       0x00000000   Number         0  printf1.o ABSOLUTE
    ../fplib/printf2.s                       0x00000000   Number         0  printf2.o ABSOLUTE
    ../fplib/printf2a.s                      0x00000000   Number         0  printf2a.o ABSOLUTE
    ../fplib/printf2b.s                      0x00000000   Number         0  printf2b.o ABSOLUTE
    ../fplib/usenofp.s                       0x00000000   Number         0  usenofp.o ABSOLUTE
    ../mathlib/fpclassify.c                  0x00000000   Number         0  fpclassify.o ABSOLUTE
    ..\Core\Src\gpio.c                       0x00000000   Number         0  gpio.o ABSOLUTE
    ..\Core\Src\main.c                       0x00000000   Number         0  main.o ABSOLUTE
    ..\Core\Src\stm32f1xx_hal_msp.c          0x00000000   Number         0  stm32f1xx_hal_msp.o ABSOLUTE
    ..\Core\Src\stm32f1xx_it.c               0x00000000   Number         0  stm32f1xx_it.o ABSOLUTE
    ..\Core\Src\system_stm32f1xx.c           0x00000000   Number         0  system_stm32f1xx.o ABSOLUTE
    ..\Core\Src\tim.c                        0x00000000   Number         0  tim.o ABSOLUTE
    ..\Core\Src\usart.c                      0x00000000   Number         0  usart.o ABSOLUTE
    ..\Drivers\STM32F1xx_HAL_Driver\Src\stm32f1xx_hal.c 0x00000000   Number         0  stm32f1xx_hal.o ABSOLUTE
    ..\Drivers\STM32F1xx_HAL_Driver\Src\stm32f1xx_hal_cortex.c 0x00000000   Number         0  stm32f1xx_hal_cortex.o ABSOLUTE
    ..\Drivers\STM32F1xx_HAL_Driver\Src\stm32f1xx_hal_dma.c 0x00000000   Number         0  stm32f1xx_hal_dma.o ABSOLUTE
    ..\Drivers\STM32F1xx_HAL_Driver\Src\stm32f1xx_hal_exti.c 0x00000000   Number         0  stm32f1xx_hal_exti.o ABSOLUTE
    ..\Drivers\STM32F1xx_HAL_Driver\Src\stm32f1xx_hal_flash.c 0x00000000   Number         0  stm32f1xx_hal_flash.o ABSOLUTE
    ..\Drivers\STM32F1xx_HAL_Driver\Src\stm32f1xx_hal_flash_ex.c 0x00000000   Number         0  stm32f1xx_hal_flash_ex.o ABSOLUTE
    ..\Drivers\STM32F1xx_HAL_Driver\Src\stm32f1xx_hal_gpio.c 0x00000000   Number         0  stm32f1xx_hal_gpio.o ABSOLUTE
    ..\Drivers\STM32F1xx_HAL_Driver\Src\stm32f1xx_hal_gpio_ex.c 0x00000000   Number         0  stm32f1xx_hal_gpio_ex.o ABSOLUTE
    ..\Drivers\STM32F1xx_HAL_Driver\Src\stm32f1xx_hal_pwr.c 0x00000000   Number         0  stm32f1xx_hal_pwr.o ABSOLUTE
    ..\Drivers\STM32F1xx_HAL_Driver\Src\stm32f1xx_hal_rcc.c 0x00000000   Number         0  stm32f1xx_hal_rcc.o ABSOLUTE
    ..\Drivers\STM32F1xx_HAL_Driver\Src\stm32f1xx_hal_rcc_ex.c 0x00000000   Number         0  stm32f1xx_hal_rcc_ex.o ABSOLUTE
    ..\Drivers\STM32F1xx_HAL_Driver\Src\stm32f1xx_hal_tim.c 0x00000000   Number         0  stm32f1xx_hal_tim.o ABSOLUTE
    ..\Drivers\STM32F1xx_HAL_Driver\Src\stm32f1xx_hal_tim_ex.c 0x00000000   Number         0  stm32f1xx_hal_tim_ex.o ABSOLUTE
    ..\Drivers\STM32F1xx_HAL_Driver\Src\stm32f1xx_hal_uart.c 0x00000000   Number         0  stm32f1xx_hal_uart.o ABSOLUTE
    Hardware\OLED.c                          0x00000000   Number         0  oled.o ABSOLUTE
    Hardware\PID.c                           0x00000000   Number         0  pid.o ABSOLUTE
    Hardware\\OLED.c                         0x00000000   Number         0  oled.o ABSOLUTE
    Hardware\\PID.c                          0x00000000   Number         0  pid.o ABSOLUTE
    Hardware\\buletooth.c                    0x00000000   Number         0  buletooth.o ABSOLUTE
    Hardware\\motor.c                        0x00000000   Number         0  motor.o ABSOLUTE
    Hardware\buletooth.c                     0x00000000   Number         0  buletooth.o ABSOLUTE
    Hardware\motor.c                         0x00000000   Number         0  motor.o ABSOLUTE
    dc.s                                     0x00000000   Number         0  dc.o ABSOLUTE
    startup_stm32f103xe.s                    0x00000000   Number         0  startup_stm32f103xe.o ABSOLUTE
    RESET                                    0x08000000   Section      304  startup_stm32f103xe.o(RESET)
    !!!main                                  0x08000130   Section        8  __main.o(!!!main)
    !!!scatter                               0x08000138   Section       52  __scatter.o(!!!scatter)
    !!handler_copy                           0x0800016c   Section       26  __scatter_copy.o(!!handler_copy)
    !!handler_zi                             0x08000188   Section       28  __scatter_zi.o(!!handler_zi)
    .ARM.Collect$$libinit$$00000000          0x080001a4   Section        2  libinit.o(.ARM.Collect$$libinit$$00000000)
    .ARM.Collect$$libinit$$00000002          0x080001a6   Section        0  libinit2.o(.ARM.Collect$$libinit$$00000002)
    .ARM.Collect$$libinit$$00000004          0x080001a6   Section        0  libinit2.o(.ARM.Collect$$libinit$$00000004)
    .ARM.Collect$$libinit$$0000000A          0x080001a6   Section        0  libinit2.o(.ARM.Collect$$libinit$$0000000A)
    .ARM.Collect$$libinit$$0000000C          0x080001a6   Section        0  libinit2.o(.ARM.Collect$$libinit$$0000000C)
    .ARM.Collect$$libinit$$0000000E          0x080001a6   Section        0  libinit2.o(.ARM.Collect$$libinit$$0000000E)
    .ARM.Collect$$libinit$$00000011          0x080001a6   Section        0  libinit2.o(.ARM.Collect$$libinit$$00000011)
    .ARM.Collect$$libinit$$00000013          0x080001a6   Section        0  libinit2.o(.ARM.Collect$$libinit$$00000013)
    .ARM.Collect$$libinit$$00000015          0x080001a6   Section        0  libinit2.o(.ARM.Collect$$libinit$$00000015)
    .ARM.Collect$$libinit$$00000017          0x080001a6   Section        0  libinit2.o(.ARM.Collect$$libinit$$00000017)
    .ARM.Collect$$libinit$$00000019          0x080001a6   Section        0  libinit2.o(.ARM.Collect$$libinit$$00000019)
    .ARM.Collect$$libinit$$0000001B          0x080001a6   Section        0  libinit2.o(.ARM.Collect$$libinit$$0000001B)
    .ARM.Collect$$libinit$$0000001D          0x080001a6   Section        0  libinit2.o(.ARM.Collect$$libinit$$0000001D)
    .ARM.Collect$$libinit$$0000001F          0x080001a6   Section        0  libinit2.o(.ARM.Collect$$libinit$$0000001F)
    .ARM.Collect$$libinit$$00000021          0x080001a6   Section        0  libinit2.o(.ARM.Collect$$libinit$$00000021)
    .ARM.Collect$$libinit$$00000023          0x080001a6   Section        0  libinit2.o(.ARM.Collect$$libinit$$00000023)
    .ARM.Collect$$libinit$$00000025          0x080001a6   Section        0  libinit2.o(.ARM.Collect$$libinit$$00000025)
    .ARM.Collect$$libinit$$0000002C          0x080001a6   Section        0  libinit2.o(.ARM.Collect$$libinit$$0000002C)
    .ARM.Collect$$libinit$$0000002E          0x080001a6   Section        0  libinit2.o(.ARM.Collect$$libinit$$0000002E)
    .ARM.Collect$$libinit$$00000030          0x080001a6   Section        0  libinit2.o(.ARM.Collect$$libinit$$00000030)
    .ARM.Collect$$libinit$$00000032          0x080001a6   Section        0  libinit2.o(.ARM.Collect$$libinit$$00000032)
    .ARM.Collect$$libinit$$00000033          0x080001a6   Section        2  libinit2.o(.ARM.Collect$$libinit$$00000033)
    .ARM.Collect$$libshutdown$$00000000      0x080001a8   Section        2  libshutdown.o(.ARM.Collect$$libshutdown$$00000000)
    .ARM.Collect$$libshutdown$$00000002      0x080001aa   Section        0  libshutdown2.o(.ARM.Collect$$libshutdown$$00000002)
    .ARM.Collect$$libshutdown$$00000004      0x080001aa   Section        0  libshutdown2.o(.ARM.Collect$$libshutdown$$00000004)
    .ARM.Collect$$libshutdown$$00000006      0x080001aa   Section        0  libshutdown2.o(.ARM.Collect$$libshutdown$$00000006)
    .ARM.Collect$$libshutdown$$00000009      0x080001aa   Section        0  libshutdown2.o(.ARM.Collect$$libshutdown$$00000009)
    .ARM.Collect$$libshutdown$$0000000C      0x080001aa   Section        0  libshutdown2.o(.ARM.Collect$$libshutdown$$0000000C)
    .ARM.Collect$$libshutdown$$0000000E      0x080001aa   Section        0  libshutdown2.o(.ARM.Collect$$libshutdown$$0000000E)
    .ARM.Collect$$libshutdown$$00000011      0x080001aa   Section        0  libshutdown2.o(.ARM.Collect$$libshutdown$$00000011)
    .ARM.Collect$$libshutdown$$00000012      0x080001aa   Section        2  libshutdown2.o(.ARM.Collect$$libshutdown$$00000012)
    .ARM.Collect$$rtentry$$00000000          0x080001ac   Section        0  __rtentry.o(.ARM.Collect$$rtentry$$00000000)
    .ARM.Collect$$rtentry$$00000002          0x080001ac   Section        0  __rtentry2.o(.ARM.Collect$$rtentry$$00000002)
    .ARM.Collect$$rtentry$$00000004          0x080001ac   Section        6  __rtentry4.o(.ARM.Collect$$rtentry$$00000004)
    .ARM.Collect$$rtentry$$00000009          0x080001b2   Section        0  __rtentry2.o(.ARM.Collect$$rtentry$$00000009)
    .ARM.Collect$$rtentry$$0000000A          0x080001b2   Section        4  __rtentry2.o(.ARM.Collect$$rtentry$$0000000A)
    .ARM.Collect$$rtentry$$0000000C          0x080001b6   Section        0  __rtentry2.o(.ARM.Collect$$rtentry$$0000000C)
    .ARM.Collect$$rtentry$$0000000D          0x080001b6   Section        8  __rtentry2.o(.ARM.Collect$$rtentry$$0000000D)
    .ARM.Collect$$rtexit$$00000000           0x080001be   Section        2  rtexit.o(.ARM.Collect$$rtexit$$00000000)
    .ARM.Collect$$rtexit$$00000002           0x080001c0   Section        0  rtexit2.o(.ARM.Collect$$rtexit$$00000002)
    .ARM.Collect$$rtexit$$00000003           0x080001c0   Section        4  rtexit2.o(.ARM.Collect$$rtexit$$00000003)
    .ARM.Collect$$rtexit$$00000004           0x080001c4   Section        6  rtexit2.o(.ARM.Collect$$rtexit$$00000004)
    .text                                    0x080001cc   Section       64  startup_stm32f103xe.o(.text)
    .text                                    0x0800020c   Section       78  rt_memclr_w.o(.text)
    .text                                    0x0800025a   Section        0  heapauxi.o(.text)
    .text                                    0x08000260   Section       74  sys_stackheap_outer.o(.text)
    .text                                    0x080002aa   Section        0  exit.o(.text)
    .text                                    0x080002bc   Section        8  libspace.o(.text)
    .text                                    0x080002c4   Section        0  sys_exit.o(.text)
    .text                                    0x080002d0   Section        2  use_no_semi.o(.text)
    .text                                    0x080002d2   Section        0  indicate_semi.o(.text)
    i.BusFault_Handler                       0x080002d2   Section        0  stm32f1xx_it.o(i.BusFault_Handler)
    i.Chassis_B_Leftward                     0x080002d4   Section        0  motor.o(i.Chassis_B_Leftward)
    i.Chassis_B_Rightward                    0x0800042c   Section        0  motor.o(i.Chassis_B_Rightward)
    i.Chassis_Backward                       0x08000584   Section        0  motor.o(i.Chassis_Backward)
    i.Chassis_Forward                        0x080006b8   Section        0  motor.o(i.Chassis_Forward)
    i.Chassis_Leftward                       0x080007ec   Section        0  motor.o(i.Chassis_Leftward)
    i.Chassis_Rightward                      0x080008a8   Section        0  motor.o(i.Chassis_Rightward)
    i.Chassis_SLeftward                      0x08000964   Section        0  motor.o(i.Chassis_SLeftward)
    i.Chassis_SRightward                     0x08000abc   Section        0  motor.o(i.Chassis_SRightward)
    i.Chassis_Stop                           0x08000c14   Section        0  motor.o(i.Chassis_Stop)
    i.DebugMon_Handler                       0x08000c32   Section        0  stm32f1xx_it.o(i.DebugMon_Handler)
    i.Encoder_Speed                          0x08000c34   Section        0  tim.o(i.Encoder_Speed)
    i.Error_Handler                          0x08000d60   Section        0  main.o(i.Error_Handler)
    i.GetEncoderPulse                        0x08000d64   Section        0  tim.o(i.GetEncoderPulse)
    i.HAL_DMA_Abort                          0x08000de4   Section        0  stm32f1xx_hal_dma.o(i.HAL_DMA_Abort)
    i.HAL_DMA_Abort_IT                       0x08000e2c   Section        0  stm32f1xx_hal_dma.o(i.HAL_DMA_Abort_IT)
    i.HAL_GPIO_Init                          0x08000f5c   Section        0  stm32f1xx_hal_gpio.o(i.HAL_GPIO_Init)
    i.HAL_GPIO_WritePin                      0x08001154   Section        0  stm32f1xx_hal_gpio.o(i.HAL_GPIO_WritePin)
    i.HAL_GetTick                            0x08001160   Section        0  stm32f1xx_hal.o(i.HAL_GetTick)
    i.HAL_IncTick                            0x0800116c   Section        0  stm32f1xx_hal.o(i.HAL_IncTick)
    i.HAL_Init                               0x0800117c   Section        0  stm32f1xx_hal.o(i.HAL_Init)
    i.HAL_InitTick                           0x080011a0   Section        0  stm32f1xx_hal.o(i.HAL_InitTick)
    i.HAL_MspInit                            0x080011e0   Section        0  stm32f1xx_hal_msp.o(i.HAL_MspInit)
    i.HAL_NVIC_EnableIRQ                     0x0800121c   Section        0  stm32f1xx_hal_cortex.o(i.HAL_NVIC_EnableIRQ)
    i.HAL_NVIC_SetPriority                   0x08001238   Section        0  stm32f1xx_hal_cortex.o(i.HAL_NVIC_SetPriority)
    i.HAL_NVIC_SetPriorityGrouping           0x08001278   Section        0  stm32f1xx_hal_cortex.o(i.HAL_NVIC_SetPriorityGrouping)
    i.HAL_RCC_ClockConfig                    0x0800129c   Section        0  stm32f1xx_hal_rcc.o(i.HAL_RCC_ClockConfig)
    i.HAL_RCC_GetPCLK1Freq                   0x080013c8   Section        0  stm32f1xx_hal_rcc.o(i.HAL_RCC_GetPCLK1Freq)
    i.HAL_RCC_GetPCLK2Freq                   0x080013e8   Section        0  stm32f1xx_hal_rcc.o(i.HAL_RCC_GetPCLK2Freq)
    i.HAL_RCC_GetSysClockFreq                0x08001408   Section        0  stm32f1xx_hal_rcc.o(i.HAL_RCC_GetSysClockFreq)
    i.HAL_RCC_OscConfig                      0x08001454   Section        0  stm32f1xx_hal_rcc.o(i.HAL_RCC_OscConfig)
    i.HAL_SYSTICK_Config                     0x08001774   Section        0  stm32f1xx_hal_cortex.o(i.HAL_SYSTICK_Config)
    i.HAL_TIMEx_BreakCallback                0x0800179c   Section        0  stm32f1xx_hal_tim_ex.o(i.HAL_TIMEx_BreakCallback)
    i.HAL_TIMEx_CommutCallback               0x0800179e   Section        0  stm32f1xx_hal_tim_ex.o(i.HAL_TIMEx_CommutCallback)
    i.HAL_TIMEx_ConfigBreakDeadTime          0x080017a0   Section        0  stm32f1xx_hal_tim_ex.o(i.HAL_TIMEx_ConfigBreakDeadTime)
    i.HAL_TIMEx_MasterConfigSynchronization  0x080017f4   Section        0  stm32f1xx_hal_tim_ex.o(i.HAL_TIMEx_MasterConfigSynchronization)
    i.HAL_TIM_Base_Init                      0x08001870   Section        0  stm32f1xx_hal_tim.o(i.HAL_TIM_Base_Init)
    i.HAL_TIM_Base_MspInit                   0x080018cc   Section        0  tim.o(i.HAL_TIM_Base_MspInit)
    i.HAL_TIM_Base_Start_IT                  0x08001978   Section        0  stm32f1xx_hal_tim.o(i.HAL_TIM_Base_Start_IT)
    i.HAL_TIM_ConfigClockSource              0x080019e4   Section        0  stm32f1xx_hal_tim.o(i.HAL_TIM_ConfigClockSource)
    i.HAL_TIM_Encoder_Init                   0x08001ac0   Section        0  stm32f1xx_hal_tim.o(i.HAL_TIM_Encoder_Init)
    i.HAL_TIM_Encoder_MspInit                0x08001b64   Section        0  tim.o(i.HAL_TIM_Encoder_MspInit)
    i.HAL_TIM_Encoder_Start                  0x08001ca8   Section        0  stm32f1xx_hal_tim.o(i.HAL_TIM_Encoder_Start)
    i.HAL_TIM_IC_CaptureCallback             0x08001d36   Section        0  stm32f1xx_hal_tim.o(i.HAL_TIM_IC_CaptureCallback)
    i.HAL_TIM_IRQHandler                     0x08001d38   Section        0  stm32f1xx_hal_tim.o(i.HAL_TIM_IRQHandler)
    i.HAL_TIM_MspPostInit                    0x08001ea0   Section        0  tim.o(i.HAL_TIM_MspPostInit)
    i.HAL_TIM_OC_DelayElapsedCallback        0x08001f18   Section        0  stm32f1xx_hal_tim.o(i.HAL_TIM_OC_DelayElapsedCallback)
    i.HAL_TIM_PWM_ConfigChannel              0x08001f1a   Section        0  stm32f1xx_hal_tim.o(i.HAL_TIM_PWM_ConfigChannel)
    i.HAL_TIM_PWM_Init                       0x08001fe6   Section        0  stm32f1xx_hal_tim.o(i.HAL_TIM_PWM_Init)
    i.HAL_TIM_PWM_MspInit                    0x08002040   Section        0  stm32f1xx_hal_tim.o(i.HAL_TIM_PWM_MspInit)
    i.HAL_TIM_PWM_PulseFinishedCallback      0x08002042   Section        0  stm32f1xx_hal_tim.o(i.HAL_TIM_PWM_PulseFinishedCallback)
    i.HAL_TIM_PWM_Start                      0x08002044   Section        0  stm32f1xx_hal_tim.o(i.HAL_TIM_PWM_Start)
    i.HAL_TIM_PeriodElapsedCallback          0x080020f8   Section        0  tim.o(i.HAL_TIM_PeriodElapsedCallback)
    i.HAL_TIM_TriggerCallback                0x08002110   Section        0  stm32f1xx_hal_tim.o(i.HAL_TIM_TriggerCallback)
    i.HAL_UARTEx_RxEventCallback             0x08002112   Section        0  stm32f1xx_hal_uart.o(i.HAL_UARTEx_RxEventCallback)
    i.HAL_UART_ErrorCallback                 0x08002114   Section        0  stm32f1xx_hal_uart.o(i.HAL_UART_ErrorCallback)
    i.HAL_UART_IRQHandler                    0x08002118   Section        0  stm32f1xx_hal_uart.o(i.HAL_UART_IRQHandler)
    i.HAL_UART_Init                          0x08002384   Section        0  stm32f1xx_hal_uart.o(i.HAL_UART_Init)
    i.HAL_UART_MspInit                       0x080023e8   Section        0  usart.o(i.HAL_UART_MspInit)
    i.HAL_UART_Receive_IT                    0x08002468   Section        0  stm32f1xx_hal_uart.o(i.HAL_UART_Receive_IT)
    i.HAL_UART_RxCpltCallback                0x08002484   Section        0  buletooth.o(i.HAL_UART_RxCpltCallback)
    i.HAL_UART_TxCpltCallback                0x080024a4   Section        0  stm32f1xx_hal_uart.o(i.HAL_UART_TxCpltCallback)
    i.HardFault_Handler                      0x080024a6   Section        0  stm32f1xx_it.o(i.HardFault_Handler)
    i.MX_GPIO_Init                           0x080024a8   Section        0  gpio.o(i.MX_GPIO_Init)
    i.MX_TIM1_Init                           0x08002560   Section        0  tim.o(i.MX_TIM1_Init)
    i.MX_TIM2_Init                           0x080025cc   Section        0  tim.o(i.MX_TIM2_Init)
    i.MX_TIM3_Init                           0x08002634   Section        0  tim.o(i.MX_TIM3_Init)
    i.MX_TIM4_Init                           0x080026a0   Section        0  tim.o(i.MX_TIM4_Init)
    i.MX_TIM5_Init                           0x0800270c   Section        0  tim.o(i.MX_TIM5_Init)
    i.MX_TIM6_Init                           0x080027b8   Section        0  tim.o(i.MX_TIM6_Init)
    i.MX_TIM8_Init                           0x08002800   Section        0  tim.o(i.MX_TIM8_Init)
    i.MX_UART4_Init                          0x080028dc   Section        0  usart.o(i.MX_UART4_Init)
    i.MemManage_Handler                      0x08002914   Section        0  stm32f1xx_it.o(i.MemManage_Handler)
    i.NMI_Handler                            0x08002916   Section        0  stm32f1xx_it.o(i.NMI_Handler)
    i.OLED_Clear                             0x08002918   Section        0  oled.o(i.OLED_Clear)
    i.OLED_I2C_SendByte                      0x08002940   Section        0  oled.o(i.OLED_I2C_SendByte)
    i.OLED_I2C_Start                         0x0800299c   Section        0  oled.o(i.OLED_I2C_Start)
    i.OLED_I2C_Stop                          0x080029d4   Section        0  oled.o(i.OLED_I2C_Stop)
    i.OLED_Init                              0x08002a04   Section        0  oled.o(i.OLED_Init)
    i.OLED_Pow                               0x08002ab0   Section        0  oled.o(i.OLED_Pow)
    i.OLED_SetCursor                         0x08002abe   Section        0  oled.o(i.OLED_SetCursor)
    i.OLED_ShowChar                          0x08002ae0   Section        0  oled.o(i.OLED_ShowChar)
    i.OLED_ShowSignedNum                     0x08002b48   Section        0  oled.o(i.OLED_ShowSignedNum)
    i.OLED_ShowString                        0x08002ba0   Section        0  oled.o(i.OLED_ShowString)
    i.OLED_WriteCommand                      0x08002bc6   Section        0  oled.o(i.OLED_WriteCommand)
    i.OLED_WriteData                         0x08002be8   Section        0  oled.o(i.OLED_WriteData)
    i.PID_Struct_Init                        0x08002c0c   Section        0  pid.o(i.PID_Struct_Init)
    i.PendSV_Handler                         0x08002c68   Section        0  stm32f1xx_it.o(i.PendSV_Handler)
    i.SVC_Handler                            0x08002c6a   Section        0  stm32f1xx_it.o(i.SVC_Handler)
    i.Speed_tran_Pwm                         0x08002c6c   Section        0  motor.o(i.Speed_tran_Pwm)
    i.Stm32_SoftReset                        0x08002c8c   Section        0  buletooth.o(i.Stm32_SoftReset)
    i.SysTick_Handler                        0x08002cb4   Section        0  stm32f1xx_it.o(i.SysTick_Handler)
    i.SystemClock_Config                     0x08002cb8   Section        0  main.o(i.SystemClock_Config)
    i.SystemInit                             0x08002d16   Section        0  system_stm32f1xx.o(i.SystemInit)
    i.TIM3_IRQHandler                        0x08002d18   Section        0  stm32f1xx_it.o(i.TIM3_IRQHandler)
    i.TIM6_IRQHandler                        0x08002d24   Section        0  stm32f1xx_it.o(i.TIM6_IRQHandler)
    i.TIM8_BRK_IRQHandler                    0x08002d30   Section        0  stm32f1xx_it.o(i.TIM8_BRK_IRQHandler)
    i.TIM8_CC_IRQHandler                     0x08002d3c   Section        0  stm32f1xx_it.o(i.TIM8_CC_IRQHandler)
    i.TIM8_TRG_COM_IRQHandler                0x08002d48   Section        0  stm32f1xx_it.o(i.TIM8_TRG_COM_IRQHandler)
    i.TIM8_UP_IRQHandler                     0x08002d54   Section        0  stm32f1xx_it.o(i.TIM8_UP_IRQHandler)
    i.TIM_Base_SetConfig                     0x08002d60   Section        0  stm32f1xx_hal_tim.o(i.TIM_Base_SetConfig)
    i.TIM_CCxChannelCmd                      0x08002dec   Section        0  stm32f1xx_hal_tim.o(i.TIM_CCxChannelCmd)
    i.TIM_ETR_SetConfig                      0x08002e06   Section        0  stm32f1xx_hal_tim.o(i.TIM_ETR_SetConfig)
    i.TIM_ITRx_SetConfig                     0x08002e1a   Section        0  stm32f1xx_hal_tim.o(i.TIM_ITRx_SetConfig)
    TIM_ITRx_SetConfig                       0x08002e1b   Thumb Code    16  stm32f1xx_hal_tim.o(i.TIM_ITRx_SetConfig)
    i.TIM_OC1_SetConfig                      0x08002e2c   Section        0  stm32f1xx_hal_tim.o(i.TIM_OC1_SetConfig)
    TIM_OC1_SetConfig                        0x08002e2d   Thumb Code    88  stm32f1xx_hal_tim.o(i.TIM_OC1_SetConfig)
    i.TIM_OC2_SetConfig                      0x08002e8c   Section        0  stm32f1xx_hal_tim.o(i.TIM_OC2_SetConfig)
    i.TIM_OC3_SetConfig                      0x08002ef8   Section        0  stm32f1xx_hal_tim.o(i.TIM_OC3_SetConfig)
    TIM_OC3_SetConfig                        0x08002ef9   Thumb Code    96  stm32f1xx_hal_tim.o(i.TIM_OC3_SetConfig)
    i.TIM_OC4_SetConfig                      0x08002f60   Section        0  stm32f1xx_hal_tim.o(i.TIM_OC4_SetConfig)
    TIM_OC4_SetConfig                        0x08002f61   Thumb Code    70  stm32f1xx_hal_tim.o(i.TIM_OC4_SetConfig)
    i.TIM_TI1_ConfigInputStage               0x08002fb0   Section        0  stm32f1xx_hal_tim.o(i.TIM_TI1_ConfigInputStage)
    TIM_TI1_ConfigInputStage                 0x08002fb1   Thumb Code    34  stm32f1xx_hal_tim.o(i.TIM_TI1_ConfigInputStage)
    i.TIM_TI2_ConfigInputStage               0x08002fd2   Section        0  stm32f1xx_hal_tim.o(i.TIM_TI2_ConfigInputStage)
    TIM_TI2_ConfigInputStage                 0x08002fd3   Thumb Code    36  stm32f1xx_hal_tim.o(i.TIM_TI2_ConfigInputStage)
    i.UART4_IRQHandler                       0x08002ff8   Section        0  stm32f1xx_it.o(i.UART4_IRQHandler)
    i.UART_DMAAbortOnError                   0x08003004   Section        0  stm32f1xx_hal_uart.o(i.UART_DMAAbortOnError)
    UART_DMAAbortOnError                     0x08003005   Thumb Code    16  stm32f1xx_hal_uart.o(i.UART_DMAAbortOnError)
    i.UART_EndRxTransfer                     0x08003014   Section        0  stm32f1xx_hal_uart.o(i.UART_EndRxTransfer)
    UART_EndRxTransfer                       0x08003015   Thumb Code    78  stm32f1xx_hal_uart.o(i.UART_EndRxTransfer)
    i.UART_Receive_IT                        0x08003062   Section        0  stm32f1xx_hal_uart.o(i.UART_Receive_IT)
    UART_Receive_IT                          0x08003063   Thumb Code   194  stm32f1xx_hal_uart.o(i.UART_Receive_IT)
    i.UART_SetConfig                         0x08003124   Section        0  stm32f1xx_hal_uart.o(i.UART_SetConfig)
    UART_SetConfig                           0x08003125   Thumb Code   178  stm32f1xx_hal_uart.o(i.UART_SetConfig)
    i.UART_Start_Receive_IT                  0x080031dc   Section        0  stm32f1xx_hal_uart.o(i.UART_Start_Receive_IT)
    i.UsageFault_Handler                     0x08003212   Section        0  stm32f1xx_it.o(i.UsageFault_Handler)
    i.__NVIC_SetPriority                     0x08003214   Section        0  stm32f1xx_hal_cortex.o(i.__NVIC_SetPriority)
    __NVIC_SetPriority                       0x08003215   Thumb Code    32  stm32f1xx_hal_cortex.o(i.__NVIC_SetPriority)
    i.abs_limit                              0x08003234   Section        0  pid.o(i.abs_limit)
    abs_limit                                0x08003235   Thumb Code    48  pid.o(i.abs_limit)
    i.chassis_motor1_speed                   0x08003264   Section        0  motor.o(i.chassis_motor1_speed)
    i.chassis_motor2_speed                   0x080032b4   Section        0  motor.o(i.chassis_motor2_speed)
    i.chassis_motor3_speed                   0x08003304   Section        0  motor.o(i.chassis_motor3_speed)
    i.chassis_motor4_speed                   0x08003354   Section        0  motor.o(i.chassis_motor4_speed)
    i.chassis_movememt                       0x080033a4   Section        0  buletooth.o(i.chassis_movememt)
    i.clear_PID                              0x08003414   Section        0  buletooth.o(i.clear_PID)
    i.main                                   0x0800344c   Section        0  main.o(i.main)
    i.pid_calc                               0x08003674   Section        0  pid.o(i.pid_calc)
    i.pid_init                               0x080036e0   Section        0  pid.o(i.pid_init)
    pid_init                                 0x080036e1   Thumb Code    24  pid.o(i.pid_init)
    i.pid_reset                              0x080036fc   Section        0  pid.o(i.pid_reset)
    pid_reset                                0x080036fd   Thumb Code    20  pid.o(i.pid_reset)
    i.pwm_subdivision                        0x08003710   Section        0  motor.o(i.pwm_subdivision)
    x$fpl$d2f                                0x08003720   Section       98  d2f.o(x$fpl$d2f)
    x$fpl$dflt                               0x08003782   Section       46  dflt_clz.o(x$fpl$dflt)
    x$fpl$dmul                               0x080037b0   Section      340  dmul.o(x$fpl$dmul)
    x$fpl$dnaninf                            0x08003904   Section      156  dnaninf.o(x$fpl$dnaninf)
    x$fpl$dretinf                            0x080039a0   Section       12  dretinf.o(x$fpl$dretinf)
    x$fpl$f2d                                0x080039ac   Section       86  f2d.o(x$fpl$f2d)
    x$fpl$fadd                               0x08003a04   Section      196  faddsub_clz.o(x$fpl$fadd)
    _fadd1                                   0x08003a13   Thumb Code     0  faddsub_clz.o(x$fpl$fadd)
    x$fpl$fcmpinf                            0x08003ac8   Section       24  fcmpi.o(x$fpl$fcmpinf)
    x$fpl$ffix                               0x08003ae0   Section       54  ffix.o(x$fpl$ffix)
    x$fpl$fflt                               0x08003b18   Section       48  fflt_clz.o(x$fpl$fflt)
    x$fpl$fleqf                              0x08003b48   Section      104  fleqf.o(x$fpl$fleqf)
    x$fpl$fmul                               0x08003bb0   Section      258  fmul.o(x$fpl$fmul)
    x$fpl$fnaninf                            0x08003cb2   Section      140  fnaninf.o(x$fpl$fnaninf)
    x$fpl$fretinf                            0x08003d3e   Section       10  fretinf.o(x$fpl$fretinf)
    x$fpl$frleqf                             0x08003d48   Section       98  frleqf.o(x$fpl$frleqf)
    x$fpl$fsub                               0x08003dac   Section      234  faddsub_clz.o(x$fpl$fsub)
    _fsub1                                   0x08003dbb   Thumb Code     0  faddsub_clz.o(x$fpl$fsub)
    .constdata                               0x08003e96   Section     1520  oled.o(.constdata)
    x$fpl$usenofp                            0x08003e96   Section        0  usenofp.o(x$fpl$usenofp)
    .constdata                               0x08004486   Section       18  stm32f1xx_hal_rcc.o(.constdata)
    aPredivFactorTable                       0x08004486   Data           2  stm32f1xx_hal_rcc.o(.constdata)
    aPLLMULFactorTable                       0x08004488   Data          16  stm32f1xx_hal_rcc.o(.constdata)
    .constdata                               0x08004498   Section       16  system_stm32f1xx.o(.constdata)
    .constdata                               0x080044a8   Section        8  system_stm32f1xx.o(.constdata)
    .data                                    0x20000000   Section        8  motor.o(.data)
    .data                                    0x20000008   Section        3  buletooth.o(.data)
    .data                                    0x2000000c   Section        4  main.o(.data)
    .data                                    0x20000010   Section        1  tim.o(.data)
    .data                                    0x20000014   Section       12  stm32f1xx_hal.o(.data)
    .data                                    0x20000020   Section        4  system_stm32f1xx.o(.data)
    .bss                                     0x20000024   Section      368  motor.o(.bss)
    .bss                                     0x20000194   Section      504  tim.o(.bss)
    .bss                                     0x2000038c   Section       72  usart.o(.bss)
    .bss                                     0x200003d4   Section       96  libspace.o(.bss)
    HEAP                                     0x20000438   Section      512  startup_stm32f103xe.o(HEAP)
    Heap_Mem                                 0x20000438   Data         512  startup_stm32f103xe.o(HEAP)
    STACK                                    0x20000638   Section     1024  startup_stm32f103xe.o(STACK)
    Stack_Mem                                0x20000638   Data        1024  startup_stm32f103xe.o(STACK)
    __initial_sp                             0x20000a38   Data           0  startup_stm32f103xe.o(STACK)

    Global Symbols

    Symbol Name                              Value     Ov Type        Size  Object(Section)

    BuildAttributes$$THM_ISAv4$P$D$K$B$S$PE$A:L22UL41UL21$X:L11$S22US41US21$IEEE1$IW$USESV6$~STKCKD$USESV7$~SHL$OTIME$ROPI$IEEEJ$EBA8$UX$STANDARDLIB$REQ8$PRES8$EABIv2 0x00000000   Number         0  anon$$obj.o ABSOLUTE
    __ARM_use_no_argv                        0x00000000   Number         0  main.o ABSOLUTE
    _printf_flags                            0x00000000   Number         0  printf_stubs.o ABSOLUTE
    _printf_return_value                     0x00000000   Number         0  printf_stubs.o ABSOLUTE
    _printf_sizespec                         0x00000000   Number         0  printf_stubs.o ABSOLUTE
    _printf_widthprec                        0x00000000   Number         0  printf_stubs.o ABSOLUTE
    __ARM_exceptions_init                     - Undefined Weak Reference
    __alloca_initialize                       - Undefined Weak Reference
    __arm_fini_                               - Undefined Weak Reference
    __arm_preinit_                            - Undefined Weak Reference
    __cpp_initialize__aeabi_                  - Undefined Weak Reference
    __cxa_finalize                            - Undefined Weak Reference
    __sigvec_lookup                           - Undefined Weak Reference
    _atexit_init                              - Undefined Weak Reference
    _call_atexit_fns                          - Undefined Weak Reference
    _clock_init                               - Undefined Weak Reference
    _fp_trap_init                             - Undefined Weak Reference
    _fp_trap_shutdown                         - Undefined Weak Reference
    _get_lc_collate                           - Undefined Weak Reference
    _get_lc_monetary                          - Undefined Weak Reference
    _get_lc_time                              - Undefined Weak Reference
    _getenv_init                              - Undefined Weak Reference
    _handle_redirection                       - Undefined Weak Reference
    _init_alloc                               - Undefined Weak Reference
    _init_user_alloc                          - Undefined Weak Reference
    _initio                                   - Undefined Weak Reference
    _printf_mbtowc                            - Undefined Weak Reference
    _printf_wc                                - Undefined Weak Reference
    _rand_init                                - Undefined Weak Reference
    _signal_finish                            - Undefined Weak Reference
    _signal_init                              - Undefined Weak Reference
    _terminate_alloc                          - Undefined Weak Reference
    _terminate_user_alloc                     - Undefined Weak Reference
    _terminateio                              - Undefined Weak Reference
    __Vectors_Size                           0x00000130   Number         0  startup_stm32f103xe.o ABSOLUTE
    __Vectors                                0x08000000   Data           4  startup_stm32f103xe.o(RESET)
    __Vectors_End                            0x08000130   Data           0  startup_stm32f103xe.o(RESET)
    __main                                   0x08000131   Thumb Code     8  __main.o(!!!main)
    __scatterload                            0x08000139   Thumb Code     0  __scatter.o(!!!scatter)
    __scatterload_rt2                        0x08000139   Thumb Code    44  __scatter.o(!!!scatter)
    __scatterload_rt2_thumb_only             0x08000139   Thumb Code     0  __scatter.o(!!!scatter)
    __scatterload_null                       0x08000147   Thumb Code     0  __scatter.o(!!!scatter)
    __scatterload_copy                       0x0800016d   Thumb Code    26  __scatter_copy.o(!!handler_copy)
    __scatterload_zeroinit                   0x08000189   Thumb Code    28  __scatter_zi.o(!!handler_zi)
    __rt_lib_init                            0x080001a5   Thumb Code     0  libinit.o(.ARM.Collect$$libinit$$00000000)
    __rt_lib_init_alloca_1                   0x080001a7   Thumb Code     0  libinit2.o(.ARM.Collect$$libinit$$0000002E)
    __rt_lib_init_argv_1                     0x080001a7   Thumb Code     0  libinit2.o(.ARM.Collect$$libinit$$0000002C)
    __rt_lib_init_atexit_1                   0x080001a7   Thumb Code     0  libinit2.o(.ARM.Collect$$libinit$$0000001B)
    __rt_lib_init_clock_1                    0x080001a7   Thumb Code     0  libinit2.o(.ARM.Collect$$libinit$$00000021)
    __rt_lib_init_cpp_1                      0x080001a7   Thumb Code     0  libinit2.o(.ARM.Collect$$libinit$$00000032)
    __rt_lib_init_exceptions_1               0x080001a7   Thumb Code     0  libinit2.o(.ARM.Collect$$libinit$$00000030)
    __rt_lib_init_fp_1                       0x080001a7   Thumb Code     0  libinit2.o(.ARM.Collect$$libinit$$00000002)
    __rt_lib_init_fp_trap_1                  0x080001a7   Thumb Code     0  libinit2.o(.ARM.Collect$$libinit$$0000001F)
    __rt_lib_init_getenv_1                   0x080001a7   Thumb Code     0  libinit2.o(.ARM.Collect$$libinit$$00000023)
    __rt_lib_init_heap_1                     0x080001a7   Thumb Code     0  libinit2.o(.ARM.Collect$$libinit$$0000000A)
    __rt_lib_init_lc_collate_1               0x080001a7   Thumb Code     0  libinit2.o(.ARM.Collect$$libinit$$00000011)
    __rt_lib_init_lc_ctype_1                 0x080001a7   Thumb Code     0  libinit2.o(.ARM.Collect$$libinit$$00000013)
    __rt_lib_init_lc_monetary_1              0x080001a7   Thumb Code     0  libinit2.o(.ARM.Collect$$libinit$$00000015)
    __rt_lib_init_lc_numeric_1               0x080001a7   Thumb Code     0  libinit2.o(.ARM.Collect$$libinit$$00000017)
    __rt_lib_init_lc_time_1                  0x080001a7   Thumb Code     0  libinit2.o(.ARM.Collect$$libinit$$00000019)
    __rt_lib_init_preinit_1                  0x080001a7   Thumb Code     0  libinit2.o(.ARM.Collect$$libinit$$00000004)
    __rt_lib_init_rand_1                     0x080001a7   Thumb Code     0  libinit2.o(.ARM.Collect$$libinit$$0000000E)
    __rt_lib_init_return                     0x080001a7   Thumb Code     0  libinit2.o(.ARM.Collect$$libinit$$00000033)
    __rt_lib_init_signal_1                   0x080001a7   Thumb Code     0  libinit2.o(.ARM.Collect$$libinit$$0000001D)
    __rt_lib_init_stdio_1                    0x080001a7   Thumb Code     0  libinit2.o(.ARM.Collect$$libinit$$00000025)
    __rt_lib_init_user_alloc_1               0x080001a7   Thumb Code     0  libinit2.o(.ARM.Collect$$libinit$$0000000C)
    __rt_lib_shutdown                        0x080001a9   Thumb Code     0  libshutdown.o(.ARM.Collect$$libshutdown$$00000000)
    __rt_lib_shutdown_cpp_1                  0x080001ab   Thumb Code     0  libshutdown2.o(.ARM.Collect$$libshutdown$$00000004)
    __rt_lib_shutdown_fini_1                 0x080001ab   Thumb Code     0  libshutdown2.o(.ARM.Collect$$libshutdown$$00000002)
    __rt_lib_shutdown_fp_trap_1              0x080001ab   Thumb Code     0  libshutdown2.o(.ARM.Collect$$libshutdown$$00000009)
    __rt_lib_shutdown_heap_1                 0x080001ab   Thumb Code     0  libshutdown2.o(.ARM.Collect$$libshutdown$$00000011)
    __rt_lib_shutdown_return                 0x080001ab   Thumb Code     0  libshutdown2.o(.ARM.Collect$$libshutdown$$00000012)
    __rt_lib_shutdown_signal_1               0x080001ab   Thumb Code     0  libshutdown2.o(.ARM.Collect$$libshutdown$$0000000C)
    __rt_lib_shutdown_stdio_1                0x080001ab   Thumb Code     0  libshutdown2.o(.ARM.Collect$$libshutdown$$00000006)
    __rt_lib_shutdown_user_alloc_1           0x080001ab   Thumb Code     0  libshutdown2.o(.ARM.Collect$$libshutdown$$0000000E)
    __rt_entry                               0x080001ad   Thumb Code     0  __rtentry.o(.ARM.Collect$$rtentry$$00000000)
    __rt_entry_presh_1                       0x080001ad   Thumb Code     0  __rtentry2.o(.ARM.Collect$$rtentry$$00000002)
    __rt_entry_sh                            0x080001ad   Thumb Code     0  __rtentry4.o(.ARM.Collect$$rtentry$$00000004)
    __rt_entry_li                            0x080001b3   Thumb Code     0  __rtentry2.o(.ARM.Collect$$rtentry$$0000000A)
    __rt_entry_postsh_1                      0x080001b3   Thumb Code     0  __rtentry2.o(.ARM.Collect$$rtentry$$00000009)
    __rt_entry_main                          0x080001b7   Thumb Code     0  __rtentry2.o(.ARM.Collect$$rtentry$$0000000D)
    __rt_entry_postli_1                      0x080001b7   Thumb Code     0  __rtentry2.o(.ARM.Collect$$rtentry$$0000000C)
    __rt_exit                                0x080001bf   Thumb Code     0  rtexit.o(.ARM.Collect$$rtexit$$00000000)
    __rt_exit_ls                             0x080001c1   Thumb Code     0  rtexit2.o(.ARM.Collect$$rtexit$$00000003)
    __rt_exit_prels_1                        0x080001c1   Thumb Code     0  rtexit2.o(.ARM.Collect$$rtexit$$00000002)
    __rt_exit_exit                           0x080001c5   Thumb Code     0  rtexit2.o(.ARM.Collect$$rtexit$$00000004)
    Reset_Handler                            0x080001cd   Thumb Code     8  startup_stm32f103xe.o(.text)
    ADC1_2_IRQHandler                        0x080001e7   Thumb Code     0  startup_stm32f103xe.o(.text)
    ADC3_IRQHandler                          0x080001e7   Thumb Code     0  startup_stm32f103xe.o(.text)
    CAN1_RX1_IRQHandler                      0x080001e7   Thumb Code     0  startup_stm32f103xe.o(.text)
    CAN1_SCE_IRQHandler                      0x080001e7   Thumb Code     0  startup_stm32f103xe.o(.text)
    DMA1_Channel1_IRQHandler                 0x080001e7   Thumb Code     0  startup_stm32f103xe.o(.text)
    DMA1_Channel2_IRQHandler                 0x080001e7   Thumb Code     0  startup_stm32f103xe.o(.text)
    DMA1_Channel3_IRQHandler                 0x080001e7   Thumb Code     0  startup_stm32f103xe.o(.text)
    DMA1_Channel4_IRQHandler                 0x080001e7   Thumb Code     0  startup_stm32f103xe.o(.text)
    DMA1_Channel5_IRQHandler                 0x080001e7   Thumb Code     0  startup_stm32f103xe.o(.text)
    DMA1_Channel6_IRQHandler                 0x080001e7   Thumb Code     0  startup_stm32f103xe.o(.text)
    DMA1_Channel7_IRQHandler                 0x080001e7   Thumb Code     0  startup_stm32f103xe.o(.text)
    DMA2_Channel1_IRQHandler                 0x080001e7   Thumb Code     0  startup_stm32f103xe.o(.text)
    DMA2_Channel2_IRQHandler                 0x080001e7   Thumb Code     0  startup_stm32f103xe.o(.text)
    DMA2_Channel3_IRQHandler                 0x080001e7   Thumb Code     0  startup_stm32f103xe.o(.text)
    DMA2_Channel4_5_IRQHandler               0x080001e7   Thumb Code     0  startup_stm32f103xe.o(.text)
    EXTI0_IRQHandler                         0x080001e7   Thumb Code     0  startup_stm32f103xe.o(.text)
    EXTI15_10_IRQHandler                     0x080001e7   Thumb Code     0  startup_stm32f103xe.o(.text)
    EXTI1_IRQHandler                         0x080001e7   Thumb Code     0  startup_stm32f103xe.o(.text)
    EXTI2_IRQHandler                         0x080001e7   Thumb Code     0  startup_stm32f103xe.o(.text)
    EXTI3_IRQHandler                         0x080001e7   Thumb Code     0  startup_stm32f103xe.o(.text)
    EXTI4_IRQHandler                         0x080001e7   Thumb Code     0  startup_stm32f103xe.o(.text)
    EXTI9_5_IRQHandler                       0x080001e7   Thumb Code     0  startup_stm32f103xe.o(.text)
    FLASH_IRQHandler                         0x080001e7   Thumb Code     0  startup_stm32f103xe.o(.text)
    FSMC_IRQHandler                          0x080001e7   Thumb Code     0  startup_stm32f103xe.o(.text)
    I2C1_ER_IRQHandler                       0x080001e7   Thumb Code     0  startup_stm32f103xe.o(.text)
    I2C1_EV_IRQHandler                       0x080001e7   Thumb Code     0  startup_stm32f103xe.o(.text)
    I2C2_ER_IRQHandler                       0x080001e7   Thumb Code     0  startup_stm32f103xe.o(.text)
    I2C2_EV_IRQHandler                       0x080001e7   Thumb Code     0  startup_stm32f103xe.o(.text)
    PVD_IRQHandler                           0x080001e7   Thumb Code     0  startup_stm32f103xe.o(.text)
    RCC_IRQHandler                           0x080001e7   Thumb Code     0  startup_stm32f103xe.o(.text)
    RTC_Alarm_IRQHandler                     0x080001e7   Thumb Code     0  startup_stm32f103xe.o(.text)
    RTC_IRQHandler                           0x080001e7   Thumb Code     0  startup_stm32f103xe.o(.text)
    SDIO_IRQHandler                          0x080001e7   Thumb Code     0  startup_stm32f103xe.o(.text)
    SPI1_IRQHandler                          0x080001e7   Thumb Code     0  startup_stm32f103xe.o(.text)
    SPI2_IRQHandler                          0x080001e7   Thumb Code     0  startup_stm32f103xe.o(.text)
    SPI3_IRQHandler                          0x080001e7   Thumb Code     0  startup_stm32f103xe.o(.text)
    TAMPER_IRQHandler                        0x080001e7   Thumb Code     0  startup_stm32f103xe.o(.text)
    TIM1_BRK_IRQHandler                      0x080001e7   Thumb Code     0  startup_stm32f103xe.o(.text)
    TIM1_CC_IRQHandler                       0x080001e7   Thumb Code     0  startup_stm32f103xe.o(.text)
    TIM1_TRG_COM_IRQHandler                  0x080001e7   Thumb Code     0  startup_stm32f103xe.o(.text)
    TIM1_UP_IRQHandler                       0x080001e7   Thumb Code     0  startup_stm32f103xe.o(.text)
    TIM2_IRQHandler                          0x080001e7   Thumb Code     0  startup_stm32f103xe.o(.text)
    TIM4_IRQHandler                          0x080001e7   Thumb Code     0  startup_stm32f103xe.o(.text)
    TIM5_IRQHandler                          0x080001e7   Thumb Code     0  startup_stm32f103xe.o(.text)
    TIM7_IRQHandler                          0x080001e7   Thumb Code     0  startup_stm32f103xe.o(.text)
    UART5_IRQHandler                         0x080001e7   Thumb Code     0  startup_stm32f103xe.o(.text)
    USART1_IRQHandler                        0x080001e7   Thumb Code     0  startup_stm32f103xe.o(.text)
    USART2_IRQHandler                        0x080001e7   Thumb Code     0  startup_stm32f103xe.o(.text)
    USART3_IRQHandler                        0x080001e7   Thumb Code     0  startup_stm32f103xe.o(.text)
    USBWakeUp_IRQHandler                     0x080001e7   Thumb Code     0  startup_stm32f103xe.o(.text)
    USB_HP_CAN1_TX_IRQHandler                0x080001e7   Thumb Code     0  startup_stm32f103xe.o(.text)
    USB_LP_CAN1_RX0_IRQHandler               0x080001e7   Thumb Code     0  startup_stm32f103xe.o(.text)
    WWDG_IRQHandler                          0x080001e7   Thumb Code     0  startup_stm32f103xe.o(.text)
    __user_initial_stackheap                 0x080001e9   Thumb Code     0  startup_stm32f103xe.o(.text)
    __aeabi_memclr4                          0x0800020d   Thumb Code     0  rt_memclr_w.o(.text)
    __aeabi_memclr8                          0x0800020d   Thumb Code     0  rt_memclr_w.o(.text)
    __rt_memclr_w                            0x0800020d   Thumb Code    78  rt_memclr_w.o(.text)
    _memset_w                                0x08000211   Thumb Code     0  rt_memclr_w.o(.text)
    __use_two_region_memory                  0x0800025b   Thumb Code     2  heapauxi.o(.text)
    __rt_heap_escrow$2region                 0x0800025d   Thumb Code     2  heapauxi.o(.text)
    __rt_heap_expand$2region                 0x0800025f   Thumb Code     2  heapauxi.o(.text)
    __user_setup_stackheap                   0x08000261   Thumb Code    74  sys_stackheap_outer.o(.text)
    exit                                     0x080002ab   Thumb Code    18  exit.o(.text)
    __user_libspace                          0x080002bd   Thumb Code     8  libspace.o(.text)
    __user_perproc_libspace                  0x080002bd   Thumb Code     0  libspace.o(.text)
    __user_perthread_libspace                0x080002bd   Thumb Code     0  libspace.o(.text)
    _sys_exit                                0x080002c5   Thumb Code     8  sys_exit.o(.text)
    __I$use$semihosting                      0x080002d1   Thumb Code     0  use_no_semi.o(.text)
    __use_no_semihosting_swi                 0x080002d1   Thumb Code     2  use_no_semi.o(.text)
    BusFault_Handler                         0x080002d3   Thumb Code     2  stm32f1xx_it.o(i.BusFault_Handler)
    __semihosting_library_function           0x080002d3   Thumb Code     0  indicate_semi.o(.text)
    Chassis_B_Leftward                       0x080002d5   Thumb Code   316  motor.o(i.Chassis_B_Leftward)
    Chassis_B_Rightward                      0x0800042d   Thumb Code   316  motor.o(i.Chassis_B_Rightward)
    Chassis_Backward                         0x08000585   Thumb Code   286  motor.o(i.Chassis_Backward)
    Chassis_Forward                          0x080006b9   Thumb Code   286  motor.o(i.Chassis_Forward)
    Chassis_Leftward                         0x080007ed   Thumb Code   174  motor.o(i.Chassis_Leftward)
    Chassis_Rightward                        0x080008a9   Thumb Code   174  motor.o(i.Chassis_Rightward)
    Chassis_SLeftward                        0x08000965   Thumb Code   316  motor.o(i.Chassis_SLeftward)
    Chassis_SRightward                       0x08000abd   Thumb Code   316  motor.o(i.Chassis_SRightward)
    Chassis_Stop                             0x08000c15   Thumb Code    30  motor.o(i.Chassis_Stop)
    DebugMon_Handler                         0x08000c33   Thumb Code     2  stm32f1xx_it.o(i.DebugMon_Handler)
    Encoder_Speed                            0x08000c35   Thumb Code   282  tim.o(i.Encoder_Speed)
    Error_Handler                            0x08000d61   Thumb Code     4  main.o(i.Error_Handler)
    GetEncoderPulse                          0x08000d65   Thumb Code   120  tim.o(i.GetEncoderPulse)
    HAL_DMA_Abort                            0x08000de5   Thumb Code    70  stm32f1xx_hal_dma.o(i.HAL_DMA_Abort)
    HAL_DMA_Abort_IT                         0x08000e2d   Thumb Code   296  stm32f1xx_hal_dma.o(i.HAL_DMA_Abort_IT)
    HAL_GPIO_Init                            0x08000f5d   Thumb Code   462  stm32f1xx_hal_gpio.o(i.HAL_GPIO_Init)
    HAL_GPIO_WritePin                        0x08001155   Thumb Code    10  stm32f1xx_hal_gpio.o(i.HAL_GPIO_WritePin)
    HAL_GetTick                              0x08001161   Thumb Code     6  stm32f1xx_hal.o(i.HAL_GetTick)
    HAL_IncTick                              0x0800116d   Thumb Code    12  stm32f1xx_hal.o(i.HAL_IncTick)
    HAL_Init                                 0x0800117d   Thumb Code    32  stm32f1xx_hal.o(i.HAL_Init)
    HAL_InitTick                             0x080011a1   Thumb Code    54  stm32f1xx_hal.o(i.HAL_InitTick)
    HAL_MspInit                              0x080011e1   Thumb Code    52  stm32f1xx_hal_msp.o(i.HAL_MspInit)
    HAL_NVIC_EnableIRQ                       0x0800121d   Thumb Code    26  stm32f1xx_hal_cortex.o(i.HAL_NVIC_EnableIRQ)
    HAL_NVIC_SetPriority                     0x08001239   Thumb Code    60  stm32f1xx_hal_cortex.o(i.HAL_NVIC_SetPriority)
    HAL_NVIC_SetPriorityGrouping             0x08001279   Thumb Code    26  stm32f1xx_hal_cortex.o(i.HAL_NVIC_SetPriorityGrouping)
    HAL_RCC_ClockConfig                      0x0800129d   Thumb Code   280  stm32f1xx_hal_rcc.o(i.HAL_RCC_ClockConfig)
    HAL_RCC_GetPCLK1Freq                     0x080013c9   Thumb Code    20  stm32f1xx_hal_rcc.o(i.HAL_RCC_GetPCLK1Freq)
    HAL_RCC_GetPCLK2Freq                     0x080013e9   Thumb Code    20  stm32f1xx_hal_rcc.o(i.HAL_RCC_GetPCLK2Freq)
    HAL_RCC_GetSysClockFreq                  0x08001409   Thumb Code    58  stm32f1xx_hal_rcc.o(i.HAL_RCC_GetSysClockFreq)
    HAL_RCC_OscConfig                        0x08001455   Thumb Code   778  stm32f1xx_hal_rcc.o(i.HAL_RCC_OscConfig)
    HAL_SYSTICK_Config                       0x08001775   Thumb Code    40  stm32f1xx_hal_cortex.o(i.HAL_SYSTICK_Config)
    HAL_TIMEx_BreakCallback                  0x0800179d   Thumb Code     2  stm32f1xx_hal_tim_ex.o(i.HAL_TIMEx_BreakCallback)
    HAL_TIMEx_CommutCallback                 0x0800179f   Thumb Code     2  stm32f1xx_hal_tim_ex.o(i.HAL_TIMEx_CommutCallback)
    HAL_TIMEx_ConfigBreakDeadTime            0x080017a1   Thumb Code    84  stm32f1xx_hal_tim_ex.o(i.HAL_TIMEx_ConfigBreakDeadTime)
    HAL_TIMEx_MasterConfigSynchronization    0x080017f5   Thumb Code   104  stm32f1xx_hal_tim_ex.o(i.HAL_TIMEx_MasterConfigSynchronization)
    HAL_TIM_Base_Init                        0x08001871   Thumb Code    90  stm32f1xx_hal_tim.o(i.HAL_TIM_Base_Init)
    HAL_TIM_Base_MspInit                     0x080018cd   Thumb Code   156  tim.o(i.HAL_TIM_Base_MspInit)
    HAL_TIM_Base_Start_IT                    0x08001979   Thumb Code    88  stm32f1xx_hal_tim.o(i.HAL_TIM_Base_Start_IT)
    HAL_TIM_ConfigClockSource                0x080019e5   Thumb Code   220  stm32f1xx_hal_tim.o(i.HAL_TIM_ConfigClockSource)
    HAL_TIM_Encoder_Init                     0x08001ac1   Thumb Code   164  stm32f1xx_hal_tim.o(i.HAL_TIM_Encoder_Init)
    HAL_TIM_Encoder_MspInit                  0x08001b65   Thumb Code   296  tim.o(i.HAL_TIM_Encoder_MspInit)
    HAL_TIM_Encoder_Start                    0x08001ca9   Thumb Code   142  stm32f1xx_hal_tim.o(i.HAL_TIM_Encoder_Start)
    HAL_TIM_IC_CaptureCallback               0x08001d37   Thumb Code     2  stm32f1xx_hal_tim.o(i.HAL_TIM_IC_CaptureCallback)
    HAL_TIM_IRQHandler                       0x08001d39   Thumb Code   358  stm32f1xx_hal_tim.o(i.HAL_TIM_IRQHandler)
    HAL_TIM_MspPostInit                      0x08001ea1   Thumb Code   100  tim.o(i.HAL_TIM_MspPostInit)
    HAL_TIM_OC_DelayElapsedCallback          0x08001f19   Thumb Code     2  stm32f1xx_hal_tim.o(i.HAL_TIM_OC_DelayElapsedCallback)
    HAL_TIM_PWM_ConfigChannel                0x08001f1b   Thumb Code   204  stm32f1xx_hal_tim.o(i.HAL_TIM_PWM_ConfigChannel)
    HAL_TIM_PWM_Init                         0x08001fe7   Thumb Code    90  stm32f1xx_hal_tim.o(i.HAL_TIM_PWM_Init)
    HAL_TIM_PWM_MspInit                      0x08002041   Thumb Code     2  stm32f1xx_hal_tim.o(i.HAL_TIM_PWM_MspInit)
    HAL_TIM_PWM_PulseFinishedCallback        0x08002043   Thumb Code     2  stm32f1xx_hal_tim.o(i.HAL_TIM_PWM_PulseFinishedCallback)
    HAL_TIM_PWM_Start                        0x08002045   Thumb Code   160  stm32f1xx_hal_tim.o(i.HAL_TIM_PWM_Start)
    HAL_TIM_PeriodElapsedCallback            0x080020f9   Thumb Code    14  tim.o(i.HAL_TIM_PeriodElapsedCallback)
    HAL_TIM_TriggerCallback                  0x08002111   Thumb Code     2  stm32f1xx_hal_tim.o(i.HAL_TIM_TriggerCallback)
    HAL_UARTEx_RxEventCallback               0x08002113   Thumb Code     2  stm32f1xx_hal_uart.o(i.HAL_UARTEx_RxEventCallback)
    HAL_UART_ErrorCallback                   0x08002115   Thumb Code     2  stm32f1xx_hal_uart.o(i.HAL_UART_ErrorCallback)
    HAL_UART_IRQHandler                      0x08002119   Thumb Code   616  stm32f1xx_hal_uart.o(i.HAL_UART_IRQHandler)
    HAL_UART_Init                            0x08002385   Thumb Code   100  stm32f1xx_hal_uart.o(i.HAL_UART_Init)
    HAL_UART_MspInit                         0x080023e9   Thumb Code   116  usart.o(i.HAL_UART_MspInit)
    HAL_UART_Receive_IT                      0x08002469   Thumb Code    28  stm32f1xx_hal_uart.o(i.HAL_UART_Receive_IT)
    HAL_UART_RxCpltCallback                  0x08002485   Thumb Code    22  buletooth.o(i.HAL_UART_RxCpltCallback)
    HAL_UART_TxCpltCallback                  0x080024a5   Thumb Code     2  stm32f1xx_hal_uart.o(i.HAL_UART_TxCpltCallback)
    HardFault_Handler                        0x080024a7   Thumb Code     2  stm32f1xx_it.o(i.HardFault_Handler)
    MX_GPIO_Init                             0x080024a9   Thumb Code   172  gpio.o(i.MX_GPIO_Init)
    MX_TIM1_Init                             0x08002561   Thumb Code   100  tim.o(i.MX_TIM1_Init)
    MX_TIM2_Init                             0x080025cd   Thumb Code   100  tim.o(i.MX_TIM2_Init)
    MX_TIM3_Init                             0x08002635   Thumb Code    98  tim.o(i.MX_TIM3_Init)
    MX_TIM4_Init                             0x080026a1   Thumb Code    98  tim.o(i.MX_TIM4_Init)
    MX_TIM5_Init                             0x0800270d   Thumb Code   162  tim.o(i.MX_TIM5_Init)
    MX_TIM6_Init                             0x080027b9   Thumb Code    62  tim.o(i.MX_TIM6_Init)
    MX_TIM8_Init                             0x08002801   Thumb Code   210  tim.o(i.MX_TIM8_Init)
    MX_UART4_Init                            0x080028dd   Thumb Code    48  usart.o(i.MX_UART4_Init)
    MemManage_Handler                        0x08002915   Thumb Code     2  stm32f1xx_it.o(i.MemManage_Handler)
    NMI_Handler                              0x08002917   Thumb Code     2  stm32f1xx_it.o(i.NMI_Handler)
    OLED_Clear                               0x08002919   Thumb Code    38  oled.o(i.OLED_Clear)
    OLED_I2C_SendByte                        0x08002941   Thumb Code    86  oled.o(i.OLED_I2C_SendByte)
    OLED_I2C_Start                           0x0800299d   Thumb Code    52  oled.o(i.OLED_I2C_Start)
    OLED_I2C_Stop                            0x080029d5   Thumb Code    42  oled.o(i.OLED_I2C_Stop)
    OLED_Init                                0x08002a05   Thumb Code   172  oled.o(i.OLED_Init)
    OLED_Pow                                 0x08002ab1   Thumb Code    14  oled.o(i.OLED_Pow)
    OLED_SetCursor                           0x08002abf   Thumb Code    34  oled.o(i.OLED_SetCursor)
    OLED_ShowChar                            0x08002ae1   Thumb Code    98  oled.o(i.OLED_ShowChar)
    OLED_ShowSignedNum                       0x08002b49   Thumb Code    88  oled.o(i.OLED_ShowSignedNum)
    OLED_ShowString                          0x08002ba1   Thumb Code    38  oled.o(i.OLED_ShowString)
    OLED_WriteCommand                        0x08002bc7   Thumb Code    34  oled.o(i.OLED_WriteCommand)
    OLED_WriteData                           0x08002be9   Thumb Code    34  oled.o(i.OLED_WriteData)
    PID_Struct_Init                          0x08002c0d   Thumb Code    84  pid.o(i.PID_Struct_Init)
    PendSV_Handler                           0x08002c69   Thumb Code     2  stm32f1xx_it.o(i.PendSV_Handler)
    SVC_Handler                              0x08002c6b   Thumb Code     2  stm32f1xx_it.o(i.SVC_Handler)
    Speed_tran_Pwm                           0x08002c6d   Thumb Code    22  motor.o(i.Speed_tran_Pwm)
    Stm32_SoftReset                          0x08002c8d   Thumb Code    32  buletooth.o(i.Stm32_SoftReset)
    SysTick_Handler                          0x08002cb5   Thumb Code     4  stm32f1xx_it.o(i.SysTick_Handler)
    SystemClock_Config                       0x08002cb9   Thumb Code    94  main.o(i.SystemClock_Config)
    SystemInit                               0x08002d17   Thumb Code     2  system_stm32f1xx.o(i.SystemInit)
    TIM3_IRQHandler                          0x08002d19   Thumb Code     6  stm32f1xx_it.o(i.TIM3_IRQHandler)
    TIM6_IRQHandler                          0x08002d25   Thumb Code     6  stm32f1xx_it.o(i.TIM6_IRQHandler)
    TIM8_BRK_IRQHandler                      0x08002d31   Thumb Code     6  stm32f1xx_it.o(i.TIM8_BRK_IRQHandler)
    TIM8_CC_IRQHandler                       0x08002d3d   Thumb Code     6  stm32f1xx_it.o(i.TIM8_CC_IRQHandler)
    TIM8_TRG_COM_IRQHandler                  0x08002d49   Thumb Code     6  stm32f1xx_it.o(i.TIM8_TRG_COM_IRQHandler)
    TIM8_UP_IRQHandler                       0x08002d55   Thumb Code     6  stm32f1xx_it.o(i.TIM8_UP_IRQHandler)
    TIM_Base_SetConfig                       0x08002d61   Thumb Code   120  stm32f1xx_hal_tim.o(i.TIM_Base_SetConfig)
    TIM_CCxChannelCmd                        0x08002ded   Thumb Code    26  stm32f1xx_hal_tim.o(i.TIM_CCxChannelCmd)
    TIM_ETR_SetConfig                        0x08002e07   Thumb Code    20  stm32f1xx_hal_tim.o(i.TIM_ETR_SetConfig)
    TIM_OC2_SetConfig                        0x08002e8d   Thumb Code    98  stm32f1xx_hal_tim.o(i.TIM_OC2_SetConfig)
    UART4_IRQHandler                         0x08002ff9   Thumb Code     6  stm32f1xx_it.o(i.UART4_IRQHandler)
    UART_Start_Receive_IT                    0x080031dd   Thumb Code    54  stm32f1xx_hal_uart.o(i.UART_Start_Receive_IT)
    UsageFault_Handler                       0x08003213   Thumb Code     2  stm32f1xx_it.o(i.UsageFault_Handler)
    chassis_motor1_speed                     0x08003265   Thumb Code    70  motor.o(i.chassis_motor1_speed)
    chassis_motor2_speed                     0x080032b5   Thumb Code    72  motor.o(i.chassis_motor2_speed)
    chassis_motor3_speed                     0x08003305   Thumb Code    70  motor.o(i.chassis_motor3_speed)
    chassis_motor4_speed                     0x08003355   Thumb Code    72  motor.o(i.chassis_motor4_speed)
    chassis_movememt                         0x080033a5   Thumb Code   108  buletooth.o(i.chassis_movememt)
    clear_PID                                0x08003415   Thumb Code    46  buletooth.o(i.clear_PID)
    main                                     0x0800344d   Thumb Code   434  main.o(i.main)
    pid_calc                                 0x08003675   Thumb Code   108  pid.o(i.pid_calc)
    pwm_subdivision                          0x08003711   Thumb Code    14  motor.o(i.pwm_subdivision)
    __aeabi_d2f                              0x08003721   Thumb Code     0  d2f.o(x$fpl$d2f)
    _d2f                                     0x08003721   Thumb Code    98  d2f.o(x$fpl$d2f)
    __aeabi_i2d                              0x08003783   Thumb Code     0  dflt_clz.o(x$fpl$dflt)
    _dflt                                    0x08003783   Thumb Code    46  dflt_clz.o(x$fpl$dflt)
    __aeabi_dmul                             0x080037b1   Thumb Code     0  dmul.o(x$fpl$dmul)
    _dmul                                    0x080037b1   Thumb Code   332  dmul.o(x$fpl$dmul)
    __fpl_dnaninf                            0x08003905   Thumb Code   156  dnaninf.o(x$fpl$dnaninf)
    __fpl_dretinf                            0x080039a1   Thumb Code    12  dretinf.o(x$fpl$dretinf)
    __aeabi_f2d                              0x080039ad   Thumb Code     0  f2d.o(x$fpl$f2d)
    _f2d                                     0x080039ad   Thumb Code    86  f2d.o(x$fpl$f2d)
    __aeabi_fadd                             0x08003a05   Thumb Code     0  faddsub_clz.o(x$fpl$fadd)
    _fadd                                    0x08003a05   Thumb Code   196  faddsub_clz.o(x$fpl$fadd)
    __fpl_fcmp_Inf                           0x08003ac9   Thumb Code    24  fcmpi.o(x$fpl$fcmpinf)
    __aeabi_f2iz                             0x08003ae1   Thumb Code     0  ffix.o(x$fpl$ffix)
    _ffix                                    0x08003ae1   Thumb Code    54  ffix.o(x$fpl$ffix)
    __aeabi_i2f                              0x08003b19   Thumb Code     0  fflt_clz.o(x$fpl$fflt)
    _fflt                                    0x08003b19   Thumb Code    48  fflt_clz.o(x$fpl$fflt)
    __aeabi_cfcmple                          0x08003b49   Thumb Code     0  fleqf.o(x$fpl$fleqf)
    _fcmple                                  0x08003b49   Thumb Code   104  fleqf.o(x$fpl$fleqf)
    __fpl_fcmple_InfNaN                      0x08003b9b   Thumb Code     0  fleqf.o(x$fpl$fleqf)
    __aeabi_fmul                             0x08003bb1   Thumb Code     0  fmul.o(x$fpl$fmul)
    _fmul                                    0x08003bb1   Thumb Code   258  fmul.o(x$fpl$fmul)
    __fpl_fnaninf                            0x08003cb3   Thumb Code   140  fnaninf.o(x$fpl$fnaninf)
    __fpl_fretinf                            0x08003d3f   Thumb Code    10  fretinf.o(x$fpl$fretinf)
    __aeabi_cfrcmple                         0x08003d49   Thumb Code     0  frleqf.o(x$fpl$frleqf)
    _frcmple                                 0x08003d49   Thumb Code    98  frleqf.o(x$fpl$frleqf)
    __aeabi_fsub                             0x08003dad   Thumb Code     0  faddsub_clz.o(x$fpl$fsub)
    _fsub                                    0x08003dad   Thumb Code   234  faddsub_clz.o(x$fpl$fsub)
    OLED_F8x16                               0x08003e96   Data        1520  oled.o(.constdata)
    __I$use$fp                               0x08003e96   Number         0  usenofp.o(x$fpl$usenofp)
    AHBPrescTable                            0x08004498   Data          16  system_stm32f1xx.o(.constdata)
    APBPrescTable                            0x080044a8   Data           8  system_stm32f1xx.o(.constdata)
    Region$$Table$$Base                      0x080044b0   Number         0  anon$$obj.o(Region$$Table)
    Region$$Table$$Limit                     0x080044d0   Number         0  anon$$obj.o(Region$$Table)
    chassis__flag_1                          0x20000000   Data           1  motor.o(.data)
    i_chassis                                0x20000004   Data           4  motor.o(.data)
    bluetooth                                0x20000008   Data           3  buletooth.o(.data)
    init_status                              0x2000000c   Data           1  main.o(.data)
    show_counter                             0x2000000e   Data           2  main.o(.data)
    Flag                                     0x20000010   Data           1  tim.o(.data)
    uwTickFreq                               0x20000014   Data           1  stm32f1xx_hal.o(.data)
    uwTickPrio                               0x20000018   Data           4  stm32f1xx_hal.o(.data)
    uwTick                                   0x2000001c   Data           4  stm32f1xx_hal.o(.data)
    SystemCoreClock                          0x20000020   Data           4  system_stm32f1xx.o(.data)
    chassis_motor                            0x20000024   Data         368  motor.o(.bss)
    htim1                                    0x20000194   Data          72  tim.o(.bss)
    htim2                                    0x200001dc   Data          72  tim.o(.bss)
    htim3                                    0x20000224   Data          72  tim.o(.bss)
    htim4                                    0x2000026c   Data          72  tim.o(.bss)
    htim5                                    0x200002b4   Data          72  tim.o(.bss)
    htim6                                    0x200002fc   Data          72  tim.o(.bss)
    htim8                                    0x20000344   Data          72  tim.o(.bss)
    huart4                                   0x2000038c   Data          72  usart.o(.bss)
    __libspace_start                         0x200003d4   Data          96  libspace.o(.bss)
    __temporary_stack_top$libspace           0x20000434   Data           0  libspace.o(.bss)



==============================================================================

Memory Map of the image

  Image Entry point : 0x08000131

  Load Region LR_IROM1 (Base: 0x08000000, Size: 0x000044f4, Max: 0x00040000, ABSOLUTE)

    Execution Region ER_IROM1 (Base: 0x08000000, Size: 0x000044d0, Max: 0x00040000, ABSOLUTE)

    Base Addr    Size         Type   Attr      Idx    E Section Name        Object

    0x08000000   0x00000130   Data   RO            3    RESET               startup_stm32f103xe.o
    0x08000130   0x00000008   Code   RO         3299  * !!!main             c_w.l(__main.o)
    0x08000138   0x00000034   Code   RO         3666    !!!scatter          c_w.l(__scatter.o)
    0x0800016c   0x0000001a   Code   RO         3668    !!handler_copy      c_w.l(__scatter_copy.o)
    0x08000186   0x00000002   PAD
    0x08000188   0x0000001c   Code   RO         3670    !!handler_zi        c_w.l(__scatter_zi.o)
    0x080001a4   0x00000002   Code   RO         3525    .ARM.Collect$$libinit$$00000000  c_w.l(libinit.o)
    0x080001a6   0x00000000   Code   RO         3541    .ARM.Collect$$libinit$$00000002  c_w.l(libinit2.o)
    0x080001a6   0x00000000   Code   RO         3543    .ARM.Collect$$libinit$$00000004  c_w.l(libinit2.o)
    0x080001a6   0x00000000   Code   RO         3546    .ARM.Collect$$libinit$$0000000A  c_w.l(libinit2.o)
    0x080001a6   0x00000000   Code   RO         3548    .ARM.Collect$$libinit$$0000000C  c_w.l(libinit2.o)
    0x080001a6   0x00000000   Code   RO         3550    .ARM.Collect$$libinit$$0000000E  c_w.l(libinit2.o)
    0x080001a6   0x00000000   Code   RO         3553    .ARM.Collect$$libinit$$00000011  c_w.l(libinit2.o)
    0x080001a6   0x00000000   Code   RO         3555    .ARM.Collect$$libinit$$00000013  c_w.l(libinit2.o)
    0x080001a6   0x00000000   Code   RO         3557    .ARM.Collect$$libinit$$00000015  c_w.l(libinit2.o)
    0x080001a6   0x00000000   Code   RO         3559    .ARM.Collect$$libinit$$00000017  c_w.l(libinit2.o)
    0x080001a6   0x00000000   Code   RO         3561    .ARM.Collect$$libinit$$00000019  c_w.l(libinit2.o)
    0x080001a6   0x00000000   Code   RO         3563    .ARM.Collect$$libinit$$0000001B  c_w.l(libinit2.o)
    0x080001a6   0x00000000   Code   RO         3565    .ARM.Collect$$libinit$$0000001D  c_w.l(libinit2.o)
    0x080001a6   0x00000000   Code   RO         3567    .ARM.Collect$$libinit$$0000001F  c_w.l(libinit2.o)
    0x080001a6   0x00000000   Code   RO         3569    .ARM.Collect$$libinit$$00000021  c_w.l(libinit2.o)
    0x080001a6   0x00000000   Code   RO         3571    .ARM.Collect$$libinit$$00000023  c_w.l(libinit2.o)
    0x080001a6   0x00000000   Code   RO         3573    .ARM.Collect$$libinit$$00000025  c_w.l(libinit2.o)
    0x080001a6   0x00000000   Code   RO         3577    .ARM.Collect$$libinit$$0000002C  c_w.l(libinit2.o)
    0x080001a6   0x00000000   Code   RO         3579    .ARM.Collect$$libinit$$0000002E  c_w.l(libinit2.o)
    0x080001a6   0x00000000   Code   RO         3581    .ARM.Collect$$libinit$$00000030  c_w.l(libinit2.o)
    0x080001a6   0x00000000   Code   RO         3583    .ARM.Collect$$libinit$$00000032  c_w.l(libinit2.o)
    0x080001a6   0x00000002   Code   RO         3584    .ARM.Collect$$libinit$$00000033  c_w.l(libinit2.o)
    0x080001a8   0x00000002   Code   RO         3604    .ARM.Collect$$libshutdown$$00000000  c_w.l(libshutdown.o)
    0x080001aa   0x00000000   Code   RO         3617    .ARM.Collect$$libshutdown$$00000002  c_w.l(libshutdown2.o)
    0x080001aa   0x00000000   Code   RO         3619    .ARM.Collect$$libshutdown$$00000004  c_w.l(libshutdown2.o)
    0x080001aa   0x00000000   Code   RO         3621    .ARM.Collect$$libshutdown$$00000006  c_w.l(libshutdown2.o)
    0x080001aa   0x00000000   Code   RO         3624    .ARM.Collect$$libshutdown$$00000009  c_w.l(libshutdown2.o)
    0x080001aa   0x00000000   Code   RO         3627    .ARM.Collect$$libshutdown$$0000000C  c_w.l(libshutdown2.o)
    0x080001aa   0x00000000   Code   RO         3629    .ARM.Collect$$libshutdown$$0000000E  c_w.l(libshutdown2.o)
    0x080001aa   0x00000000   Code   RO         3632    .ARM.Collect$$libshutdown$$00000011  c_w.l(libshutdown2.o)
    0x080001aa   0x00000002   Code   RO         3633    .ARM.Collect$$libshutdown$$00000012  c_w.l(libshutdown2.o)
    0x080001ac   0x00000000   Code   RO         3335    .ARM.Collect$$rtentry$$00000000  c_w.l(__rtentry.o)
    0x080001ac   0x00000000   Code   RO         3447    .ARM.Collect$$rtentry$$00000002  c_w.l(__rtentry2.o)
    0x080001ac   0x00000006   Code   RO         3459    .ARM.Collect$$rtentry$$00000004  c_w.l(__rtentry4.o)
    0x080001b2   0x00000000   Code   RO         3449    .ARM.Collect$$rtentry$$00000009  c_w.l(__rtentry2.o)
    0x080001b2   0x00000004   Code   RO         3450    .ARM.Collect$$rtentry$$0000000A  c_w.l(__rtentry2.o)
    0x080001b6   0x00000000   Code   RO         3452    .ARM.Collect$$rtentry$$0000000C  c_w.l(__rtentry2.o)
    0x080001b6   0x00000008   Code   RO         3453    .ARM.Collect$$rtentry$$0000000D  c_w.l(__rtentry2.o)
    0x080001be   0x00000002   Code   RO         3533    .ARM.Collect$$rtexit$$00000000  c_w.l(rtexit.o)
    0x080001c0   0x00000000   Code   RO         3586    .ARM.Collect$$rtexit$$00000002  c_w.l(rtexit2.o)
    0x080001c0   0x00000004   Code   RO         3587    .ARM.Collect$$rtexit$$00000003  c_w.l(rtexit2.o)
    0x080001c4   0x00000006   Code   RO         3588    .ARM.Collect$$rtexit$$00000004  c_w.l(rtexit2.o)
    0x080001ca   0x00000002   PAD
    0x080001cc   0x00000040   Code   RO            4    .text               startup_stm32f103xe.o
    0x0800020c   0x0000004e   Code   RO         3295    .text               c_w.l(rt_memclr_w.o)
    0x0800025a   0x00000006   Code   RO         3297    .text               c_w.l(heapauxi.o)
    0x08000260   0x0000004a   Code   RO         3479    .text               c_w.l(sys_stackheap_outer.o)
    0x080002aa   0x00000012   Code   RO         3518    .text               c_w.l(exit.o)
    0x080002bc   0x00000008   Code   RO         3530    .text               c_w.l(libspace.o)
    0x080002c4   0x0000000c   Code   RO         3596    .text               c_w.l(sys_exit.o)
    0x080002d0   0x00000002   Code   RO         3607    .text               c_w.l(use_no_semi.o)
    0x080002d2   0x00000000   Code   RO         3609    .text               c_w.l(indicate_semi.o)
    0x080002d2   0x00000002   Code   RO          763    i.BusFault_Handler  stm32f1xx_it.o
    0x080002d4   0x00000158   Code   RO           13    i.Chassis_B_Leftward  motor.o
    0x0800042c   0x00000158   Code   RO           14    i.Chassis_B_Rightward  motor.o
    0x08000584   0x00000134   Code   RO           15    i.Chassis_Backward  motor.o
    0x080006b8   0x00000134   Code   RO           16    i.Chassis_Forward   motor.o
    0x080007ec   0x000000bc   Code   RO           17    i.Chassis_Leftward  motor.o
    0x080008a8   0x000000bc   Code   RO           18    i.Chassis_Rightward  motor.o
    0x08000964   0x00000158   Code   RO           19    i.Chassis_SLeftward  motor.o
    0x08000abc   0x00000158   Code   RO           20    i.Chassis_SRightward  motor.o
    0x08000c14   0x0000001e   Code   RO           21    i.Chassis_Stop      motor.o
    0x08000c32   0x00000002   Code   RO          764    i.DebugMon_Handler  stm32f1xx_it.o
    0x08000c34   0x0000012c   Code   RO          568    i.Encoder_Speed     tim.o
    0x08000d60   0x00000004   Code   RO          492    i.Error_Handler     main.o
    0x08000d64   0x00000080   Code   RO          569    i.GetEncoderPulse   tim.o
    0x08000de4   0x00000046   Code   RO         2295    i.HAL_DMA_Abort     stm32f1xx_hal_dma.o
    0x08000e2a   0x00000002   PAD
    0x08000e2c   0x00000130   Code   RO         2296    i.HAL_DMA_Abort_IT  stm32f1xx_hal_dma.o
    0x08000f5c   0x000001f8   Code   RO         2231    i.HAL_GPIO_Init     stm32f1xx_hal_gpio.o
    0x08001154   0x0000000a   Code   RO         2235    i.HAL_GPIO_WritePin  stm32f1xx_hal_gpio.o
    0x0800115e   0x00000002   PAD
    0x08001160   0x0000000c   Code   RO         1925    i.HAL_GetTick       stm32f1xx_hal.o
    0x0800116c   0x00000010   Code   RO         1931    i.HAL_IncTick       stm32f1xx_hal.o
    0x0800117c   0x00000024   Code   RO         1932    i.HAL_Init          stm32f1xx_hal.o
    0x080011a0   0x00000040   Code   RO         1933    i.HAL_InitTick      stm32f1xx_hal.o
    0x080011e0   0x0000003c   Code   RO          881    i.HAL_MspInit       stm32f1xx_hal_msp.o
    0x0800121c   0x0000001a   Code   RO         2391    i.HAL_NVIC_EnableIRQ  stm32f1xx_hal_cortex.o
    0x08001236   0x00000002   PAD
    0x08001238   0x00000040   Code   RO         2397    i.HAL_NVIC_SetPriority  stm32f1xx_hal_cortex.o
    0x08001278   0x00000024   Code   RO         2398    i.HAL_NVIC_SetPriorityGrouping  stm32f1xx_hal_cortex.o
    0x0800129c   0x0000012c   Code   RO         2089    i.HAL_RCC_ClockConfig  stm32f1xx_hal_rcc.o
    0x080013c8   0x00000020   Code   RO         2096    i.HAL_RCC_GetPCLK1Freq  stm32f1xx_hal_rcc.o
    0x080013e8   0x00000020   Code   RO         2097    i.HAL_RCC_GetPCLK2Freq  stm32f1xx_hal_rcc.o
    0x08001408   0x0000004c   Code   RO         2098    i.HAL_RCC_GetSysClockFreq  stm32f1xx_hal_rcc.o
    0x08001454   0x00000320   Code   RO         2101    i.HAL_RCC_OscConfig  stm32f1xx_hal_rcc.o
    0x08001774   0x00000028   Code   RO         2402    i.HAL_SYSTICK_Config  stm32f1xx_hal_cortex.o
    0x0800179c   0x00000002   Code   RO         1647    i.HAL_TIMEx_BreakCallback  stm32f1xx_hal_tim_ex.o
    0x0800179e   0x00000002   Code   RO         1648    i.HAL_TIMEx_CommutCallback  stm32f1xx_hal_tim_ex.o
    0x080017a0   0x00000054   Code   RO         1650    i.HAL_TIMEx_ConfigBreakDeadTime  stm32f1xx_hal_tim_ex.o
    0x080017f4   0x0000007c   Code   RO         1666    i.HAL_TIMEx_MasterConfigSynchronization  stm32f1xx_hal_tim_ex.o
    0x08001870   0x0000005a   Code   RO          943    i.HAL_TIM_Base_Init  stm32f1xx_hal_tim.o
    0x080018ca   0x00000002   PAD
    0x080018cc   0x000000ac   Code   RO          571    i.HAL_TIM_Base_MspInit  tim.o
    0x08001978   0x0000006c   Code   RO          948    i.HAL_TIM_Base_Start_IT  stm32f1xx_hal_tim.o
    0x080019e4   0x000000dc   Code   RO          952    i.HAL_TIM_ConfigClockSource  stm32f1xx_hal_tim.o
    0x08001ac0   0x000000a4   Code   RO          964    i.HAL_TIM_Encoder_Init  stm32f1xx_hal_tim.o
    0x08001b64   0x00000144   Code   RO          573    i.HAL_TIM_Encoder_MspInit  tim.o
    0x08001ca8   0x0000008e   Code   RO          967    i.HAL_TIM_Encoder_Start  stm32f1xx_hal_tim.o
    0x08001d36   0x00000002   Code   RO          977    i.HAL_TIM_IC_CaptureCallback  stm32f1xx_hal_tim.o
    0x08001d38   0x00000166   Code   RO          991    i.HAL_TIM_IRQHandler  stm32f1xx_hal_tim.o
    0x08001e9e   0x00000002   PAD
    0x08001ea0   0x00000078   Code   RO          574    i.HAL_TIM_MspPostInit  tim.o
    0x08001f18   0x00000002   Code   RO          994    i.HAL_TIM_OC_DelayElapsedCallback  stm32f1xx_hal_tim.o
    0x08001f1a   0x000000cc   Code   RO         1015    i.HAL_TIM_PWM_ConfigChannel  stm32f1xx_hal_tim.o
    0x08001fe6   0x0000005a   Code   RO         1018    i.HAL_TIM_PWM_Init  stm32f1xx_hal_tim.o
    0x08002040   0x00000002   Code   RO         1020    i.HAL_TIM_PWM_MspInit  stm32f1xx_hal_tim.o
    0x08002042   0x00000002   Code   RO         1021    i.HAL_TIM_PWM_PulseFinishedCallback  stm32f1xx_hal_tim.o
    0x08002044   0x000000b4   Code   RO         1023    i.HAL_TIM_PWM_Start  stm32f1xx_hal_tim.o
    0x080020f8   0x00000018   Code   RO          575    i.HAL_TIM_PeriodElapsedCallback  tim.o
    0x08002110   0x00000002   Code   RO         1034    i.HAL_TIM_TriggerCallback  stm32f1xx_hal_tim.o
    0x08002112   0x00000002   Code   RO         2903    i.HAL_UARTEx_RxEventCallback  stm32f1xx_hal_uart.o
    0x08002114   0x00000002   Code   RO         2917    i.HAL_UART_ErrorCallback  stm32f1xx_hal_uart.o
    0x08002116   0x00000002   PAD
    0x08002118   0x0000026c   Code   RO         2920    i.HAL_UART_IRQHandler  stm32f1xx_hal_uart.o
    0x08002384   0x00000064   Code   RO         2921    i.HAL_UART_Init     stm32f1xx_hal_uart.o
    0x080023e8   0x00000080   Code   RO          686    i.HAL_UART_MspInit  usart.o
    0x08002468   0x0000001c   Code   RO         2926    i.HAL_UART_Receive_IT  stm32f1xx_hal_uart.o
    0x08002484   0x00000020   Code   RO          303    i.HAL_UART_RxCpltCallback  buletooth.o
    0x080024a4   0x00000002   Code   RO         2932    i.HAL_UART_TxCpltCallback  stm32f1xx_hal_uart.o
    0x080024a6   0x00000002   Code   RO          765    i.HardFault_Handler  stm32f1xx_it.o
    0x080024a8   0x000000b8   Code   RO          544    i.MX_GPIO_Init      gpio.o
    0x08002560   0x0000006c   Code   RO          576    i.MX_TIM1_Init      tim.o
    0x080025cc   0x00000068   Code   RO          577    i.MX_TIM2_Init      tim.o
    0x08002634   0x0000006c   Code   RO          578    i.MX_TIM3_Init      tim.o
    0x080026a0   0x0000006c   Code   RO          579    i.MX_TIM4_Init      tim.o
    0x0800270c   0x000000ac   Code   RO          580    i.MX_TIM5_Init      tim.o
    0x080027b8   0x00000048   Code   RO          581    i.MX_TIM6_Init      tim.o
    0x08002800   0x000000dc   Code   RO          582    i.MX_TIM8_Init      tim.o
    0x080028dc   0x00000038   Code   RO          687    i.MX_UART4_Init     usart.o
    0x08002914   0x00000002   Code   RO          766    i.MemManage_Handler  stm32f1xx_it.o
    0x08002916   0x00000002   Code   RO          767    i.NMI_Handler       stm32f1xx_it.o
    0x08002918   0x00000026   Code   RO          371    i.OLED_Clear        oled.o
    0x0800293e   0x00000002   PAD
    0x08002940   0x0000005c   Code   RO          373    i.OLED_I2C_SendByte  oled.o
    0x0800299c   0x00000038   Code   RO          374    i.OLED_I2C_Start    oled.o
    0x080029d4   0x00000030   Code   RO          375    i.OLED_I2C_Stop     oled.o
    0x08002a04   0x000000ac   Code   RO          376    i.OLED_Init         oled.o
    0x08002ab0   0x0000000e   Code   RO          377    i.OLED_Pow          oled.o
    0x08002abe   0x00000022   Code   RO          378    i.OLED_SetCursor    oled.o
    0x08002ae0   0x00000068   Code   RO          380    i.OLED_ShowChar     oled.o
    0x08002b48   0x00000058   Code   RO          383    i.OLED_ShowSignedNum  oled.o
    0x08002ba0   0x00000026   Code   RO          384    i.OLED_ShowString   oled.o
    0x08002bc6   0x00000022   Code   RO          385    i.OLED_WriteCommand  oled.o
    0x08002be8   0x00000022   Code   RO          386    i.OLED_WriteData    oled.o
    0x08002c0a   0x00000002   PAD
    0x08002c0c   0x0000005c   Code   RO          231    i.PID_Struct_Init   pid.o
    0x08002c68   0x00000002   Code   RO          768    i.PendSV_Handler    stm32f1xx_it.o
    0x08002c6a   0x00000002   Code   RO          769    i.SVC_Handler       stm32f1xx_it.o
    0x08002c6c   0x00000020   Code   RO           22    i.Speed_tran_Pwm    motor.o
    0x08002c8c   0x00000028   Code   RO          305    i.Stm32_SoftReset   buletooth.o
    0x08002cb4   0x00000004   Code   RO          770    i.SysTick_Handler   stm32f1xx_it.o
    0x08002cb8   0x0000005e   Code   RO          493    i.SystemClock_Config  main.o
    0x08002d16   0x00000002   Code   RO         3255    i.SystemInit        system_stm32f1xx.o
    0x08002d18   0x0000000c   Code   RO          771    i.TIM3_IRQHandler   stm32f1xx_it.o
    0x08002d24   0x0000000c   Code   RO          772    i.TIM6_IRQHandler   stm32f1xx_it.o
    0x08002d30   0x0000000c   Code   RO          773    i.TIM8_BRK_IRQHandler  stm32f1xx_it.o
    0x08002d3c   0x0000000c   Code   RO          774    i.TIM8_CC_IRQHandler  stm32f1xx_it.o
    0x08002d48   0x0000000c   Code   RO          775    i.TIM8_TRG_COM_IRQHandler  stm32f1xx_it.o
    0x08002d54   0x0000000c   Code   RO          776    i.TIM8_UP_IRQHandler  stm32f1xx_it.o
    0x08002d60   0x0000008c   Code   RO         1036    i.TIM_Base_SetConfig  stm32f1xx_hal_tim.o
    0x08002dec   0x0000001a   Code   RO         1037    i.TIM_CCxChannelCmd  stm32f1xx_hal_tim.o
    0x08002e06   0x00000014   Code   RO         1047    i.TIM_ETR_SetConfig  stm32f1xx_hal_tim.o
    0x08002e1a   0x00000010   Code   RO         1048    i.TIM_ITRx_SetConfig  stm32f1xx_hal_tim.o
    0x08002e2a   0x00000002   PAD
    0x08002e2c   0x00000060   Code   RO         1049    i.TIM_OC1_SetConfig  stm32f1xx_hal_tim.o
    0x08002e8c   0x0000006c   Code   RO         1050    i.TIM_OC2_SetConfig  stm32f1xx_hal_tim.o
    0x08002ef8   0x00000068   Code   RO         1051    i.TIM_OC3_SetConfig  stm32f1xx_hal_tim.o
    0x08002f60   0x00000050   Code   RO         1052    i.TIM_OC4_SetConfig  stm32f1xx_hal_tim.o
    0x08002fb0   0x00000022   Code   RO         1054    i.TIM_TI1_ConfigInputStage  stm32f1xx_hal_tim.o
    0x08002fd2   0x00000024   Code   RO         1056    i.TIM_TI2_ConfigInputStage  stm32f1xx_hal_tim.o
    0x08002ff6   0x00000002   PAD
    0x08002ff8   0x0000000c   Code   RO          777    i.UART4_IRQHandler  stm32f1xx_it.o
    0x08003004   0x00000010   Code   RO         2934    i.UART_DMAAbortOnError  stm32f1xx_hal_uart.o
    0x08003014   0x0000004e   Code   RO         2944    i.UART_EndRxTransfer  stm32f1xx_hal_uart.o
    0x08003062   0x000000c2   Code   RO         2946    i.UART_Receive_IT   stm32f1xx_hal_uart.o
    0x08003124   0x000000b8   Code   RO         2947    i.UART_SetConfig    stm32f1xx_hal_uart.o
    0x080031dc   0x00000036   Code   RO         2949    i.UART_Start_Receive_IT  stm32f1xx_hal_uart.o
    0x08003212   0x00000002   Code   RO          778    i.UsageFault_Handler  stm32f1xx_it.o
    0x08003214   0x00000020   Code   RO         2404    i.__NVIC_SetPriority  stm32f1xx_hal_cortex.o
    0x08003234   0x00000030   Code   RO          232    i.abs_limit         pid.o
    0x08003264   0x00000050   Code   RO           23    i.chassis_motor1_speed  motor.o
    0x080032b4   0x00000050   Code   RO           24    i.chassis_motor2_speed  motor.o
    0x08003304   0x00000050   Code   RO           25    i.chassis_motor3_speed  motor.o
    0x08003354   0x00000050   Code   RO           26    i.chassis_motor4_speed  motor.o
    0x080033a4   0x00000070   Code   RO          306    i.chassis_movememt  buletooth.o
    0x08003414   0x00000038   Code   RO          307    i.clear_PID         buletooth.o
    0x0800344c   0x00000228   Code   RO          494    i.main              main.o
    0x08003674   0x0000006c   Code   RO          234    i.pid_calc          pid.o
    0x080036e0   0x0000001c   Code   RO          235    i.pid_init          pid.o
    0x080036fc   0x00000014   Code   RO          236    i.pid_reset         pid.o
    0x08003710   0x0000000e   Code   RO           27    i.pwm_subdivision   motor.o
    0x0800371e   0x00000002   PAD
    0x08003720   0x00000062   Code   RO         3301    x$fpl$d2f           fz_ws.l(d2f.o)
    0x08003782   0x0000002e   Code   RO         3304    x$fpl$dflt          fz_ws.l(dflt_clz.o)
    0x080037b0   0x00000154   Code   RO         3309    x$fpl$dmul          fz_ws.l(dmul.o)
    0x08003904   0x0000009c   Code   RO         3427    x$fpl$dnaninf       fz_ws.l(dnaninf.o)
    0x080039a0   0x0000000c   Code   RO         3429    x$fpl$dretinf       fz_ws.l(dretinf.o)
    0x080039ac   0x00000056   Code   RO         3311    x$fpl$f2d           fz_ws.l(f2d.o)
    0x08003a02   0x00000002   PAD
    0x08003a04   0x000000c4   Code   RO         3313    x$fpl$fadd          fz_ws.l(faddsub_clz.o)
    0x08003ac8   0x00000018   Code   RO         3431    x$fpl$fcmpinf       fz_ws.l(fcmpi.o)
    0x08003ae0   0x00000036   Code   RO         3319    x$fpl$ffix          fz_ws.l(ffix.o)
    0x08003b16   0x00000002   PAD
    0x08003b18   0x00000030   Code   RO         3324    x$fpl$fflt          fz_ws.l(fflt_clz.o)
    0x08003b48   0x00000068   Code   RO         3329    x$fpl$fleqf         fz_ws.l(fleqf.o)
    0x08003bb0   0x00000102   Code   RO         3331    x$fpl$fmul          fz_ws.l(fmul.o)
    0x08003cb2   0x0000008c   Code   RO         3433    x$fpl$fnaninf       fz_ws.l(fnaninf.o)
    0x08003d3e   0x0000000a   Code   RO         3435    x$fpl$fretinf       fz_ws.l(fretinf.o)
    0x08003d48   0x00000062   Code   RO         3333    x$fpl$frleqf        fz_ws.l(frleqf.o)
    0x08003daa   0x00000002   PAD
    0x08003dac   0x000000ea   Code   RO         3315    x$fpl$fsub          fz_ws.l(faddsub_clz.o)
    0x08003e96   0x00000000   Code   RO         3445    x$fpl$usenofp       fz_ws.l(usenofp.o)
    0x08003e96   0x000005f0   Data   RO          387    .constdata          oled.o
    0x08004486   0x00000012   Data   RO         2102    .constdata          stm32f1xx_hal_rcc.o
    0x08004498   0x00000010   Data   RO         3256    .constdata          system_stm32f1xx.o
    0x080044a8   0x00000008   Data   RO         3257    .constdata          system_stm32f1xx.o
    0x080044b0   0x00000020   Data   RO         3664    Region$$Table       anon$$obj.o


    Execution Region RW_IRAM1 (Base: 0x20000000, Size: 0x00000a38, Max: 0x0000c000, ABSOLUTE)

    Base Addr    Size         Type   Attr      Idx    E Section Name        Object

    0x20000000   0x00000008   Data   RW           29    .data               motor.o
    0x20000008   0x00000003   Data   RW          308    .data               buletooth.o
    0x2000000b   0x00000001   PAD
    0x2000000c   0x00000004   Data   RW          495    .data               main.o
    0x20000010   0x00000001   Data   RW          585    .data               tim.o
    0x20000011   0x00000003   PAD
    0x20000014   0x0000000c   Data   RW         1939    .data               stm32f1xx_hal.o
    0x20000020   0x00000004   Data   RW         3258    .data               system_stm32f1xx.o
    0x20000024   0x00000170   Zero   RW           28    .bss                motor.o
    0x20000194   0x000001f8   Zero   RW          583    .bss                tim.o
    0x2000038c   0x00000048   Zero   RW          693    .bss                usart.o
    0x200003d4   0x00000060   Zero   RW         3531    .bss                c_w.l(libspace.o)
    0x20000434   0x00000004   PAD
    0x20000438   0x00000200   Zero   RW            2    HEAP                startup_stm32f103xe.o
    0x20000638   0x00000400   Zero   RW            1    STACK               startup_stm32f103xe.o


==============================================================================

Image component sizes


      Code (inc. data)   RO Data    RW Data    ZI Data      Debug   Object Name

       240         42          0          3          0       7781   buletooth.o
       184         12          0          0          0        959   gpio.o
       650        118          0          4          0       3820   main.o
      2764        230          0          8        368     495792   motor.o
       752         22       1520          0          0       7661   oled.o
       296         12          0          0          0       3917   pid.o
        64         26        304          0       1536        800   startup_stm32f103xe.o
       128         24          0         12          0       5865   stm32f1xx_hal.o
       198         14          0          0          0      28899   stm32f1xx_hal_cortex.o
       374          8          0          0          0       1815   stm32f1xx_hal_dma.o
       514         42          0          0          0       2884   stm32f1xx_hal_gpio.o
        60          8          0          0          0        862   stm32f1xx_hal_msp.o
      1240         84         18          0          0       5076   stm32f1xx_hal_rcc.o
      2226         96          0          0          0      17981   stm32f1xx_hal_tim.o
       212         20          0          0          0       3157   stm32f1xx_hal_tim_ex.o
      1280         10          0          0          0       8764   stm32f1xx_hal_uart.o
       104         42          0          0          0       6831   stm32f1xx_it.o
         2          0         24          4          0       1095   system_stm32f1xx.o
      1960        162          0          1        504       8977   tim.o
       184         20          0          0         72       1877   usart.o

    ----------------------------------------------------------------------
     13454        992       1898         36       2480     614813   Object Totals
         0          0         32          0          0          0   (incl. Generated)
        22          0          0          4          0          0   (incl. Padding)

    ----------------------------------------------------------------------

      Code (inc. data)   RO Data    RW Data    ZI Data      Debug   Library Member Name

         8          0          0          0          0         68   __main.o
         0          0          0          0          0          0   __rtentry.o
        12          0          0          0          0          0   __rtentry2.o
         6          0          0          0          0          0   __rtentry4.o
        52          8          0          0          0          0   __scatter.o
        26          0          0          0          0          0   __scatter_copy.o
        28          0          0          0          0          0   __scatter_zi.o
        18          0          0          0          0         80   exit.o
         6          0          0          0          0        152   heapauxi.o
         0          0          0          0          0          0   indicate_semi.o
         2          0          0          0          0          0   libinit.o
         2          0          0          0          0          0   libinit2.o
         2          0          0          0          0          0   libshutdown.o
         2          0          0          0          0          0   libshutdown2.o
         8          4          0          0         96         68   libspace.o
        78          0          0          0          0         80   rt_memclr_w.o
         2          0          0          0          0          0   rtexit.o
        10          0          0          0          0          0   rtexit2.o
        12          4          0          0          0         68   sys_exit.o
        74          0          0          0          0         80   sys_stackheap_outer.o
         2          0          0          0          0         68   use_no_semi.o
        98          4          0          0          0         92   d2f.o
        46          0          0          0          0         68   dflt_clz.o
       340         12          0          0          0        104   dmul.o
       156          4          0          0          0         92   dnaninf.o
        12          0          0          0          0         68   dretinf.o
        86          4          0          0          0         84   f2d.o
       430          8          0          0          0        168   faddsub_clz.o
        24          0          0          0          0         68   fcmpi.o
        54          4          0          0          0         84   ffix.o
        48          0          0          0          0         68   fflt_clz.o
       104          4          0          0          0         84   fleqf.o
       258          4          0          0          0         84   fmul.o
       140          4          0          0          0         84   fnaninf.o
        10          0          0          0          0         68   fretinf.o
        98          0          0          0          0         68   frleqf.o
         0          0          0          0          0          0   usenofp.o

    ----------------------------------------------------------------------
      2264         64          0          0        100       1948   Library Totals
        10          0          0          0          4          0   (incl. Padding)

    ----------------------------------------------------------------------

      Code (inc. data)   RO Data    RW Data    ZI Data      Debug   Library Name

       350         16          0          0         96        664   c_w.l
      1904         48          0          0          0       1284   fz_ws.l

    ----------------------------------------------------------------------
      2264         64          0          0        100       1948   Library Totals

    ----------------------------------------------------------------------

==============================================================================


      Code (inc. data)   RO Data    RW Data    ZI Data      Debug   

     15718       1056       1898         36       2580     609269   Grand Totals
     15718       1056       1898         36       2580     609269   ELF Image Totals
     15718       1056       1898         36          0          0   ROM Totals

==============================================================================

    Total RO  Size (Code + RO Data)                17616 (  17.20kB)
    Total RW  Size (RW Data + ZI Data)              2616 (   2.55kB)
    Total ROM Size (Code + RO Data + RW Data)      17652 (  17.24kB)

==============================================================================

