<html>
<body>
<pre>
<h1>礦ision Build Log</h1>
<h2>Tool Versions:</h2>
IDE-Version: μVision V5.14.1
Copyright (C) 2015 ARM Ltd and ARM Germany GmbH. All rights reserved.
License Information: Cortex-M3, 123, LIC=LJWP0-BMVPX-QI35M-XZH0J-WBZKX-EUEUP
 
Tool Versions:
Toolchain:       MDK-ARM Professional  Version: 5.34.0.0
Toolchain Path:  D:\keil\ARM\ARMCC\Bin
C Compiler:      Armcc.exe V5.06 update 7 (build 960)
Assembler:       Armasm.exe V5.06 update 7 (build 960)
Linker/Locator:  ArmLink.exe V5.06 update 7 (build 960)
Library Manager: ArmAr.exe V5.06 update 7 (build 960)
Hex Converter:   FromElf.exe V5.06 update 7 (build 960)
CPU DLL:         SARMCM3.DLL V5.34.0.0
Dialog DLL:      DCM.DLL V1.17.3.0
Target DLL:      CMSIS_AGDI.dll V1.32.13.0
Dialog DLL:      TCM.DLL V1.48.0.0
 
<h2>Project:</h2>
D:\新建文件夹 (3)\motor_car(4)\motor_car\MDK-ARM\motor_car.uvprojx
Project File Date:  11/21/2024

<h2>Output:</h2>
*** Using Compiler 'V5.06 update 7 (build 960)', folder: 'D:\keil\ARM\ARMCC\Bin'
Build target 'motor_car'
assembling startup_stm32f103xe.s...
compiling motor.c...
compiling PID.c...
compiling buletooth.c...
Hardware\buletooth.c(91): warning:  #1-D: last line of file ends without a newline
   
Hardware\buletooth.c: 1 warning, 0 errors
compiling OLED.c...
Hardware\OLED.c(17): warning:  #188-D: enumerated type mixed with another type
        OLED_W_SDA(1);
Hardware\OLED.c(18): warning:  #188-D: enumerated type mixed with another type
        OLED_W_SCL(1);
Hardware\OLED.c(19): warning:  #188-D: enumerated type mixed with another type
        OLED_W_SDA(0);
Hardware\OLED.c(20): warning:  #188-D: enumerated type mixed with another type
        OLED_W_SCL(0);
Hardware\OLED.c(30): warning:  #188-D: enumerated type mixed with another type
        OLED_W_SDA(0);
Hardware\OLED.c(31): warning:  #188-D: enumerated type mixed with another type
        OLED_W_SCL(1);
Hardware\OLED.c(32): warning:  #188-D: enumerated type mixed with another type
        OLED_W_SDA(1);
Hardware\OLED.c(45): warning:  #188-D: enumerated type mixed with another type
                OLED_W_SDA(Byte & (0x80 >> i));
Hardware\OLED.c(46): warning:  #188-D: enumerated type mixed with another type
                OLED_W_SCL(1);
Hardware\OLED.c(47): warning:  #188-D: enumerated type mixed with another type
                OLED_W_SCL(0);
Hardware\OLED.c(49): warning:  #188-D: enumerated type mixed with another type
        OLED_W_SCL(1);  //棰濆鐨勪竴涓椂閽燂紝涓嶅鐞嗗簲绛斾俊鍙?
Hardware\OLED.c(50): warning:  #188-D: enumerated type mixed with another type
        OLED_W_SCL(0);
Hardware\OLED.c: 12 warnings, 0 errors
compiling main.c...
compiling gpio.c...
compiling tim.c...
compiling usart.c...
compiling stm32f1xx_it.c...
compiling stm32f1xx_hal_msp.c...
compiling stm32f1xx_hal_gpio_ex.c...
compiling stm32f1xx_hal_tim.c...
compiling stm32f1xx_hal_tim_ex.c...
compiling stm32f1xx_hal.c...
compiling stm32f1xx_hal_rcc.c...
compiling stm32f1xx_hal_rcc_ex.c...
compiling stm32f1xx_hal_gpio.c...
compiling stm32f1xx_hal_dma.c...
compiling stm32f1xx_hal_cortex.c...
compiling stm32f1xx_hal_pwr.c...
compiling stm32f1xx_hal_flash.c...
compiling stm32f1xx_hal_flash_ex.c...
compiling stm32f1xx_hal_exti.c...
compiling stm32f1xx_hal_uart.c...
compiling system_stm32f1xx.c...
linking...
Program Size: Code=15718 RO-data=1898 RW-data=36 ZI-data=2580  
FromELF: creating hex file...
"motor_car\motor_car.axf" - 0 Error(s), 13 Warning(s).

<h2>Software Packages used:</h2>

Package Vendor: ARM
                http://www.keil.com/pack/ARM.CMSIS.5.7.0.pack
                ARM::CMSIS:CORE:5.4.0
                CMSIS (Cortex Microcontroller Software Interface Standard)
   * Component: CORE Version: 5.4.0

<h2>Collection of Component include folders:</h2>
  D:\新建文件夹 (3)\motor_car(4)\motor_car\MDK-ARM\RTE
  D:\keil\ARM\CMSIS\5.7.0\CMSIS\Core\Include
  D:\keil\Keil\STM32F1xx_DFP\2.4.1\Device\Include

<h2>Collection of Component Files used:</h2>

   * Component: ARM::CMSIS:CORE:5.4.0
      Include file:  CMSIS\Core\Include\tz_context.h
      Source file:   CMSIS\Core\Template\ARMv8-M\tz_context.c
      Source file:   CMSIS\Core\Template\ARMv8-M\main_s.c
</pre>
</body>
</html>
